#
# There is insufficient memory for the Java Runtime Environment to continue.
# Native memory allocation (malloc) failed to allocate 751376 bytes for Chunk::new
# Possible reasons:
#   The system is out of physical RAM or swap space
#   The process is running with CompressedOops enabled, and the Java Heap may be blocking the growth of the native heap
# Possible solutions:
#   Reduce memory load on the system
#   Increase physical memory or swap space
#   Check if swap backing store is full
#   Decrease Java heap size (-Xmx/-Xms)
#   Decrease number of Java threads
#   Decrease Java thread stack sizes (-Xss)
#   Set larger code cache with -XX:ReservedCodeCacheSize=
#   JVM is running with Unscaled Compressed Oops mode in which the Java heap is
#     placed in the first 4GB address space. The Java Heap base address is the
#     maximum limit for the native heap growth. Please use -XX:HeapBaseMinAddress
#     to set the Java Heap base and to place the Java Heap above 4GB virtual address.
# This output file may be truncated or incomplete.
#
#  Out of Memory Error (arena.cpp:191), pid=10832, tid=16892
#
# JRE version: OpenJDK Runtime Environment Corretto-17.0.10.7.1 (17.0.10+7) (build 17.0.10+7-LTS)
# Java VM: OpenJDK 64-Bit Server VM Corretto-17.0.10.7.1 (17.0.10+7-LTS, mixed mode, sharing, tiered, compressed oops, compressed class ptrs, g1 gc, windows-amd64)
# No core dump will be written. Minidumps are not enabled by default on client versions of Windows
#

---------------  S U M M A R Y ------------

Command Line: --add-opens=java.base/java.util=ALL-UNNAMED --add-opens=java.base/java.lang=ALL-UNNAMED --add-opens=java.base/java.lang.invoke=ALL-UNNAMED --add-opens=java.prefs/java.util.prefs=ALL-UNNAMED --add-opens=java.base/java.nio.charset=ALL-UNNAMED --add-opens=java.base/java.net=ALL-UNNAMED --add-opens=java.base/java.util.concurrent.atomic=ALL-UNNAMED -XX:MaxMetaspaceSize=384m -XX:+HeapDumpOnOutOfMemoryError -Xms256m -Xmx512m -Dfile.encoding=windows-1252 -Duser.country=IT -Duser.language=it -Duser.variant -javaagent:C:\Users\david\.gradle\wrapper\dists\gradle-8.6-bin\afr5mpiioh2wthjmwnkmdsd5w\gradle-8.6\lib\agents\gradle-instrumentation-agent-8.6.jar org.gradle.launcher.daemon.bootstrap.GradleDaemon 8.6

Host: 12th Gen Intel(R) Core(TM) i5-1235U, 12 cores, 15G,  Windows 11 , 64 bit Build 22621 (10.0.22621.4391)
Time: Tue Nov 26 11:11:20 2024 ora solare Europa occidentale elapsed time: 4.203229 seconds (0d 0h 0m 4s)

---------------  T H R E A D  ---------------

Current thread (0x0000015772334e10):  JavaThread "C2 CompilerThread0" daemon [_thread_in_native, id=16892, stack(0x0000003914c00000,0x0000003914d00000)]


Current CompileTask:
C2:   4203 2803       4       java.lang.invoke.MethodType::makeImpl (109 bytes)

Stack: [0x0000003914c00000,0x0000003914d00000]
Native frames: (J=compiled Java code, j=interpreted, Vv=VM code, C=native code)
V  [jvm.dll+0x67d2c9]
V  [jvm.dll+0x834b1a]
V  [jvm.dll+0x8365de]
V  [jvm.dll+0x836c43]
V  [jvm.dll+0x2477ff]
V  [jvm.dll+0xac514]
V  [jvm.dll+0xacb5c]
V  [jvm.dll+0x2aed1f]
V  [jvm.dll+0x584b67]
V  [jvm.dll+0x2228a2]
V  [jvm.dll+0x21b942]
V  [jvm.dll+0x219201]
V  [jvm.dll+0x1a502d]
V  [jvm.dll+0x2290de]
V  [jvm.dll+0x2272ac]
V  [jvm.dll+0x7e9bd7]
V  [jvm.dll+0x7e3fda]
V  [jvm.dll+0x67c1b5]
C  [ucrtbase.dll+0x29333]
C  [KERNEL32.DLL+0x1259d]
C  [ntdll.dll+0x5af38]


---------------  P R O C E S S  ---------------

Threads class SMR info:
_java_thread_list=0x0000015779bfe600, length=33, elements={
0x000001575734fdf0, 0x000001577230ab00, 0x000001577230b980, 0x00000157723222c0,
0x0000015772323da0, 0x0000015772329030, 0x0000015772328b20, 0x0000015772334e10,
0x000001577233f790, 0x0000015772349da0, 0x00000157723271d0, 0x0000015772327bf0,
0x000001577277b820, 0x0000015772328100, 0x000001577232a470, 0x0000015772328610,
0x0000015772326cc0, 0x0000015772329540, 0x0000015772329f60, 0x0000015772329a50,
0x00000157723276e0, 0x00000157794002b0, 0x00000157793f9d70, 0x00000157793fdf40,
0x00000157793fd520, 0x00000157793fee70, 0x00000157793fe450, 0x00000157793ff380,
0x00000157793fa790, 0x00000157793fda30, 0x00000157793fc5f0, 0x00000157793fe960,
0x00000157793faca0
}

Java Threads: ( => current thread )
  0x000001575734fdf0 JavaThread "main" [_thread_blocked, id=25556, stack(0x0000003913f00000,0x0000003914000000)]
  0x000001577230ab00 JavaThread "Reference Handler" daemon [_thread_blocked, id=17976, stack(0x0000003914600000,0x0000003914700000)]
  0x000001577230b980 JavaThread "Finalizer" daemon [_thread_blocked, id=9548, stack(0x0000003914700000,0x0000003914800000)]
  0x00000157723222c0 JavaThread "Signal Dispatcher" daemon [_thread_blocked, id=15940, stack(0x0000003914800000,0x0000003914900000)]
  0x0000015772323da0 JavaThread "Attach Listener" daemon [_thread_blocked, id=18456, stack(0x0000003914900000,0x0000003914a00000)]
  0x0000015772329030 JavaThread "Service Thread" daemon [_thread_blocked, id=16552, stack(0x0000003914a00000,0x0000003914b00000)]
  0x0000015772328b20 JavaThread "Monitor Deflation Thread" daemon [_thread_blocked, id=2452, stack(0x0000003914b00000,0x0000003914c00000)]
=>0x0000015772334e10 JavaThread "C2 CompilerThread0" daemon [_thread_in_native, id=16892, stack(0x0000003914c00000,0x0000003914d00000)]
  0x000001577233f790 JavaThread "C1 CompilerThread0" daemon [_thread_blocked, id=20748, stack(0x0000003914d00000,0x0000003914e00000)]
  0x0000015772349da0 JavaThread "Sweeper thread" daemon [_thread_blocked, id=19192, stack(0x0000003914e00000,0x0000003914f00000)]
  0x00000157723271d0 JavaThread "Common-Cleaner" daemon [_thread_blocked, id=18752, stack(0x0000003914f00000,0x0000003915000000)]
  0x0000015772327bf0 JavaThread "Notification Thread" daemon [_thread_blocked, id=388, stack(0x0000003915000000,0x0000003915100000)]
  0x000001577277b820 JavaThread "C2 CompilerThread1" daemon [_thread_in_native, id=9412, stack(0x0000003915200000,0x0000003915300000)]
  0x0000015772328100 JavaThread "Daemon health stats" [_thread_blocked, id=20672, stack(0x0000003915300000,0x0000003915400000)]
  0x000001577232a470 JavaThread "Incoming local TCP Connector on port 56439" [_thread_in_native, id=3776, stack(0x0000003915900000,0x0000003915a00000)]
  0x0000015772328610 JavaThread "Daemon periodic checks" [_thread_blocked, id=4596, stack(0x0000003915a00000,0x0000003915b00000)]
  0x0000015772326cc0 JavaThread "Daemon" [_thread_blocked, id=6016, stack(0x0000003915b00000,0x0000003915c00000)]
  0x0000015772329540 JavaThread "Handler for socket connection from /127.0.0.1:56439 to /127.0.0.1:56440" [_thread_in_native, id=2800, stack(0x0000003915c00000,0x0000003915d00000)]
  0x0000015772329f60 JavaThread "Cancel handler" [_thread_blocked, id=22708, stack(0x0000003915d00000,0x0000003915e00000)]
  0x0000015772329a50 JavaThread "Daemon worker" [_thread_in_vm, id=23232, stack(0x0000003915e00000,0x0000003915f00000)]
  0x00000157723276e0 JavaThread "Asynchronous log dispatcher for DefaultDaemonConnection: socket connection from /127.0.0.1:56439 to /127.0.0.1:56440" [_thread_blocked, id=22600, stack(0x0000003915f00000,0x0000003916000000)]
  0x00000157794002b0 JavaThread "Stdin handler" [_thread_blocked, id=6116, stack(0x0000003916000000,0x0000003916100000)]
  0x00000157793f9d70 JavaThread "Daemon client event forwarder" [_thread_blocked, id=17680, stack(0x0000003916100000,0x0000003916200000)]
  0x00000157793fdf40 JavaThread "Cache worker for journal cache (C:\Users\david\.gradle\caches\journal-1)" [_thread_blocked, id=2784, stack(0x0000003916200000,0x0000003916300000)]
  0x00000157793fd520 JavaThread "File lock request listener" [_thread_in_native, id=6420, stack(0x0000003916300000,0x0000003916400000)]
  0x00000157793fee70 JavaThread "Cache worker for file hash cache (C:\Users\david\.gradle\caches\8.6\fileHashes)" [_thread_blocked, id=2352, stack(0x0000003916400000,0x0000003916500000)]
  0x00000157793fe450 JavaThread "File watcher server" daemon [_thread_in_native, id=19640, stack(0x0000003916500000,0x0000003916600000)]
  0x00000157793ff380 JavaThread "File watcher consumer" daemon [_thread_blocked, id=19260, stack(0x0000003916600000,0x0000003916700000)]
  0x00000157793fa790 JavaThread "Cache worker for checksums cache (C:\Users\david\OneDrive - Politecnico di Torino\Documents\Web Application II\WAIIproject\DocumentStore\.gradle\8.6\checksums)" [_thread_blocked, id=24460, stack(0x0000003916d00000,0x0000003916e00000)]
  0x00000157793fda30 JavaThread "Cache worker for file hash cache (C:\Users\david\OneDrive - Politecnico di Torino\Documents\Web Application II\WAIIproject\DocumentStore\.gradle\8.6\fileHashes)" [_thread_blocked, id=23896, stack(0x0000003916e00000,0x0000003916f00000)]
  0x00000157793fc5f0 JavaThread "Cache worker for cache directory md-supplier (C:\Users\david\.gradle\caches\8.6\md-supplier)" [_thread_blocked, id=876, stack(0x0000003916f00000,0x0000003917000000)]
  0x00000157793fe960 JavaThread "Cache worker for cache directory md-rule (C:\Users\david\.gradle\caches\8.6\md-rule)" [_thread_blocked, id=25024, stack(0x0000003917000000,0x0000003917100000)]
  0x00000157793faca0 JavaThread "Cache worker for file content cache (C:\Users\david\.gradle\caches\8.6\fileContent)" [_thread_blocked, id=22140, stack(0x0000003917100000,0x0000003917200000)]

Other Threads:
  0x0000015772307bb0 VMThread "VM Thread" [stack: 0x0000003914500000,0x0000003914600000] [id=19020]
  0x00000157726c95a0 WatcherThread [stack: 0x0000003915100000,0x0000003915200000] [id=23840]
  0x000001575737d3e0 GCTaskThread "GC Thread#0" [stack: 0x0000003914000000,0x0000003914100000] [id=2204]
  0x0000015777789570 GCTaskThread "GC Thread#1" [stack: 0x0000003915400000,0x0000003915500000] [id=884]
  0x0000015777b21070 GCTaskThread "GC Thread#2" [stack: 0x0000003915500000,0x0000003915600000] [id=23152]
  0x0000015777b21330 GCTaskThread "GC Thread#3" [stack: 0x0000003915600000,0x0000003915700000] [id=10932]
  0x0000015777b215f0 GCTaskThread "GC Thread#4" [stack: 0x0000003915700000,0x0000003915800000] [id=23764]
  0x0000015777b218b0 GCTaskThread "GC Thread#5" [stack: 0x0000003915800000,0x0000003915900000] [id=3292]
  0x00000157798cdef0 GCTaskThread "GC Thread#6" [stack: 0x0000003916700000,0x0000003916800000] [id=24744]
  0x00000157798ce1b0 GCTaskThread "GC Thread#7" [stack: 0x0000003916800000,0x0000003916900000] [id=17648]
  0x000001577a001f70 GCTaskThread "GC Thread#8" [stack: 0x0000003916900000,0x0000003916a00000] [id=18756]
  0x000001577a002230 GCTaskThread "GC Thread#9" [stack: 0x0000003916a00000,0x0000003916b00000] [id=18572]
  0x0000015757382330 ConcurrentGCThread "G1 Main Marker" [stack: 0x0000003914100000,0x0000003914200000] [id=16404]
  0x0000015757382d50 ConcurrentGCThread "G1 Conc#0" [stack: 0x0000003914200000,0x0000003914300000] [id=23984]
  0x000001577a197440 ConcurrentGCThread "G1 Conc#1" [stack: 0x0000003916b00000,0x0000003916c00000] [id=11716]
  0x000001577a2020f0 ConcurrentGCThread "G1 Conc#2" [stack: 0x0000003916c00000,0x0000003916d00000] [id=24344]
  0x00000157573fdf30 ConcurrentGCThread "G1 Refine#0" [stack: 0x0000003914300000,0x0000003914400000] [id=15976]
  0x00000157573fe960 ConcurrentGCThread "G1 Service" [stack: 0x0000003914400000,0x0000003914500000] [id=4328]

Threads with active compile tasks:
C2 CompilerThread0     4220 2803       4       java.lang.invoke.MethodType::makeImpl (109 bytes)
C2 CompilerThread1     4220 2823   !   4       java.util.zip.ZipFile$ZipFileInflaterInputStream::close (67 bytes)

VM state: not at safepoint (normal execution)

VM Mutex/Monitor currently owned by a thread: None

Heap address: 0x00000000e0000000, size: 512 MB, Compressed Oops mode: 32-bit

CDS archive(s) mapped at: [0x0000015700000000-0x0000015700bb0000-0x0000015700bb0000), size 12255232, SharedBaseAddress: 0x0000015700000000, ArchiveRelocationMode: 1.
Compressed class space mapped at: 0x0000015701000000-0x0000015715000000, reserved size: 335544320
Narrow klass base: 0x0000015700000000, Narrow klass shift: 0, Narrow klass range: 0x100000000

GC Precious Log:
 CPUs: 12 total, 12 available
 Memory: 16077M
 Large Page Support: Disabled
 NUMA Support: Disabled
 Compressed Oops: Enabled (32-bit)
 Heap Region Size: 1M
 Heap Min Capacity: 256M
 Heap Initial Capacity: 256M
 Heap Max Capacity: 512M
 Pre-touch: Disabled
 Parallel Workers: 10
 Concurrent Workers: 3
 Concurrent Refinement Workers: 10
 Periodic GC: Disabled

Heap:
 garbage-first heap   total 262144K, used 41966K [0x00000000e0000000, 0x0000000100000000)
  region size 1024K, 32 young (32768K), 12 survivors (12288K)
 Metaspace       used 23278K, committed 23616K, reserved 393216K
  class space    used 3492K, committed 3648K, reserved 327680K

Heap Regions: E=young(eden), S=young(survivor), O=old, HS=humongous(starts), HC=humongous(continues), CS=collection set, F=free, OA=open archive, CA=closed archive, TAMS=top-at-mark-start (previous, next)
|   0|0x00000000e0000000, 0x00000000e0100000, 0x00000000e0100000|100%|HS|  |TAMS 0x00000000e0100000, 0x00000000e0000000| Complete 
|   1|0x00000000e0100000, 0x00000000e0200000, 0x00000000e0200000|100%|HC|  |TAMS 0x00000000e0200000, 0x00000000e0100000| Complete 
|   2|0x00000000e0200000, 0x00000000e0300000, 0x00000000e0300000|100%|HC|  |TAMS 0x00000000e0300000, 0x00000000e0200000| Complete 
|   3|0x00000000e0300000, 0x00000000e0400000, 0x00000000e0400000|100%|HC|  |TAMS 0x00000000e0400000, 0x00000000e0300000| Complete 
|   4|0x00000000e0400000, 0x00000000e0500000, 0x00000000e0500000|100%| O|  |TAMS 0x00000000e0500000, 0x00000000e0400000| Untracked 
|   5|0x00000000e0500000, 0x00000000e0600000, 0x00000000e0600000|100%| O|  |TAMS 0x00000000e0600000, 0x00000000e0500000| Untracked 
|   6|0x00000000e0600000, 0x00000000e0700000, 0x00000000e0700000|100%| O|  |TAMS 0x00000000e0700000, 0x00000000e0600000| Untracked 
|   7|0x00000000e0700000, 0x00000000e0800000, 0x00000000e0800000|100%| O|  |TAMS 0x00000000e0800000, 0x00000000e0700000| Untracked 
|   8|0x00000000e0800000, 0x00000000e0900000, 0x00000000e0900000|100%| O|  |TAMS 0x00000000e0900000, 0x00000000e0800000| Complete 
|   9|0x00000000e0900000, 0x00000000e0a00000, 0x00000000e0a00000|100%| O|  |TAMS 0x00000000e0a00000, 0x00000000e0900000| Untracked 
|  10|0x00000000e0a00000, 0x00000000e0a67200, 0x00000000e0b00000| 40%| O|  |TAMS 0x00000000e0a67200, 0x00000000e0a00000| Untracked 
|  11|0x00000000e0b00000, 0x00000000e0b00000, 0x00000000e0c00000|  0%| F|  |TAMS 0x00000000e0b00000, 0x00000000e0b00000| Untracked 
|  12|0x00000000e0c00000, 0x00000000e0c00000, 0x00000000e0d00000|  0%| F|  |TAMS 0x00000000e0c00000, 0x00000000e0c00000| Untracked 
|  13|0x00000000e0d00000, 0x00000000e0d00000, 0x00000000e0e00000|  0%| F|  |TAMS 0x00000000e0d00000, 0x00000000e0d00000| Untracked 
|  14|0x00000000e0e00000, 0x00000000e0e00000, 0x00000000e0f00000|  0%| F|  |TAMS 0x00000000e0e00000, 0x00000000e0e00000| Untracked 
|  15|0x00000000e0f00000, 0x00000000e0f00000, 0x00000000e1000000|  0%| F|  |TAMS 0x00000000e0f00000, 0x00000000e0f00000| Untracked 
|  16|0x00000000e1000000, 0x00000000e1000000, 0x00000000e1100000|  0%| F|  |TAMS 0x00000000e1000000, 0x00000000e1000000| Untracked 
|  17|0x00000000e1100000, 0x00000000e1100000, 0x00000000e1200000|  0%| F|  |TAMS 0x00000000e1100000, 0x00000000e1100000| Untracked 
|  18|0x00000000e1200000, 0x00000000e1200000, 0x00000000e1300000|  0%| F|  |TAMS 0x00000000e1200000, 0x00000000e1200000| Untracked 
|  19|0x00000000e1300000, 0x00000000e1300000, 0x00000000e1400000|  0%| F|  |TAMS 0x00000000e1300000, 0x00000000e1300000| Untracked 
|  20|0x00000000e1400000, 0x00000000e1400000, 0x00000000e1500000|  0%| F|  |TAMS 0x00000000e1400000, 0x00000000e1400000| Untracked 
|  21|0x00000000e1500000, 0x00000000e1500000, 0x00000000e1600000|  0%| F|  |TAMS 0x00000000e1500000, 0x00000000e1500000| Untracked 
|  22|0x00000000e1600000, 0x00000000e1600000, 0x00000000e1700000|  0%| F|  |TAMS 0x00000000e1600000, 0x00000000e1600000| Untracked 
|  23|0x00000000e1700000, 0x00000000e1700000, 0x00000000e1800000|  0%| F|  |TAMS 0x00000000e1700000, 0x00000000e1700000| Untracked 
|  24|0x00000000e1800000, 0x00000000e1800000, 0x00000000e1900000|  0%| F|  |TAMS 0x00000000e1800000, 0x00000000e1800000| Untracked 
|  25|0x00000000e1900000, 0x00000000e1900000, 0x00000000e1a00000|  0%| F|  |TAMS 0x00000000e1900000, 0x00000000e1900000| Untracked 
|  26|0x00000000e1a00000, 0x00000000e1a00000, 0x00000000e1b00000|  0%| F|  |TAMS 0x00000000e1a00000, 0x00000000e1a00000| Untracked 
|  27|0x00000000e1b00000, 0x00000000e1b00000, 0x00000000e1c00000|  0%| F|  |TAMS 0x00000000e1b00000, 0x00000000e1b00000| Untracked 
|  28|0x00000000e1c00000, 0x00000000e1c00000, 0x00000000e1d00000|  0%| F|  |TAMS 0x00000000e1c00000, 0x00000000e1c00000| Untracked 
|  29|0x00000000e1d00000, 0x00000000e1d00000, 0x00000000e1e00000|  0%| F|  |TAMS 0x00000000e1d00000, 0x00000000e1d00000| Untracked 
|  30|0x00000000e1e00000, 0x00000000e1e00000, 0x00000000e1f00000|  0%| F|  |TAMS 0x00000000e1e00000, 0x00000000e1e00000| Untracked 
|  31|0x00000000e1f00000, 0x00000000e1f00000, 0x00000000e2000000|  0%| F|  |TAMS 0x00000000e1f00000, 0x00000000e1f00000| Untracked 
|  32|0x00000000e2000000, 0x00000000e2000000, 0x00000000e2100000|  0%| F|  |TAMS 0x00000000e2000000, 0x00000000e2000000| Untracked 
|  33|0x00000000e2100000, 0x00000000e2100000, 0x00000000e2200000|  0%| F|  |TAMS 0x00000000e2100000, 0x00000000e2100000| Untracked 
|  34|0x00000000e2200000, 0x00000000e2200000, 0x00000000e2300000|  0%| F|  |TAMS 0x00000000e2200000, 0x00000000e2200000| Untracked 
|  35|0x00000000e2300000, 0x00000000e2300000, 0x00000000e2400000|  0%| F|  |TAMS 0x00000000e2300000, 0x00000000e2300000| Untracked 
|  36|0x00000000e2400000, 0x00000000e2400000, 0x00000000e2500000|  0%| F|  |TAMS 0x00000000e2400000, 0x00000000e2400000| Untracked 
|  37|0x00000000e2500000, 0x00000000e2500000, 0x00000000e2600000|  0%| F|  |TAMS 0x00000000e2500000, 0x00000000e2500000| Untracked 
|  38|0x00000000e2600000, 0x00000000e2600000, 0x00000000e2700000|  0%| F|  |TAMS 0x00000000e2600000, 0x00000000e2600000| Untracked 
|  39|0x00000000e2700000, 0x00000000e2700000, 0x00000000e2800000|  0%| F|  |TAMS 0x00000000e2700000, 0x00000000e2700000| Untracked 
|  40|0x00000000e2800000, 0x00000000e2800000, 0x00000000e2900000|  0%| F|  |TAMS 0x00000000e2800000, 0x00000000e2800000| Untracked 
|  41|0x00000000e2900000, 0x00000000e2900000, 0x00000000e2a00000|  0%| F|  |TAMS 0x00000000e2900000, 0x00000000e2900000| Untracked 
|  42|0x00000000e2a00000, 0x00000000e2a00000, 0x00000000e2b00000|  0%| F|  |TAMS 0x00000000e2a00000, 0x00000000e2a00000| Untracked 
|  43|0x00000000e2b00000, 0x00000000e2b00000, 0x00000000e2c00000|  0%| F|  |TAMS 0x00000000e2b00000, 0x00000000e2b00000| Untracked 
|  44|0x00000000e2c00000, 0x00000000e2c00000, 0x00000000e2d00000|  0%| F|  |TAMS 0x00000000e2c00000, 0x00000000e2c00000| Untracked 
|  45|0x00000000e2d00000, 0x00000000e2d00000, 0x00000000e2e00000|  0%| F|  |TAMS 0x00000000e2d00000, 0x00000000e2d00000| Untracked 
|  46|0x00000000e2e00000, 0x00000000e2e00000, 0x00000000e2f00000|  0%| F|  |TAMS 0x00000000e2e00000, 0x00000000e2e00000| Untracked 
|  47|0x00000000e2f00000, 0x00000000e2f00000, 0x00000000e3000000|  0%| F|  |TAMS 0x00000000e2f00000, 0x00000000e2f00000| Untracked 
|  48|0x00000000e3000000, 0x00000000e3000000, 0x00000000e3100000|  0%| F|  |TAMS 0x00000000e3000000, 0x00000000e3000000| Untracked 
|  49|0x00000000e3100000, 0x00000000e3100000, 0x00000000e3200000|  0%| F|  |TAMS 0x00000000e3100000, 0x00000000e3100000| Untracked 
|  50|0x00000000e3200000, 0x00000000e3200000, 0x00000000e3300000|  0%| F|  |TAMS 0x00000000e3200000, 0x00000000e3200000| Untracked 
|  51|0x00000000e3300000, 0x00000000e3300000, 0x00000000e3400000|  0%| F|  |TAMS 0x00000000e3300000, 0x00000000e3300000| Untracked 
|  52|0x00000000e3400000, 0x00000000e3400000, 0x00000000e3500000|  0%| F|  |TAMS 0x00000000e3400000, 0x00000000e3400000| Untracked 
|  53|0x00000000e3500000, 0x00000000e3500000, 0x00000000e3600000|  0%| F|  |TAMS 0x00000000e3500000, 0x00000000e3500000| Untracked 
|  54|0x00000000e3600000, 0x00000000e3600000, 0x00000000e3700000|  0%| F|  |TAMS 0x00000000e3600000, 0x00000000e3600000| Untracked 
|  55|0x00000000e3700000, 0x00000000e3700000, 0x00000000e3800000|  0%| F|  |TAMS 0x00000000e3700000, 0x00000000e3700000| Untracked 
|  56|0x00000000e3800000, 0x00000000e3800000, 0x00000000e3900000|  0%| F|  |TAMS 0x00000000e3800000, 0x00000000e3800000| Untracked 
|  57|0x00000000e3900000, 0x00000000e3900000, 0x00000000e3a00000|  0%| F|  |TAMS 0x00000000e3900000, 0x00000000e3900000| Untracked 
|  58|0x00000000e3a00000, 0x00000000e3a00000, 0x00000000e3b00000|  0%| F|  |TAMS 0x00000000e3a00000, 0x00000000e3a00000| Untracked 
|  59|0x00000000e3b00000, 0x00000000e3b00000, 0x00000000e3c00000|  0%| F|  |TAMS 0x00000000e3b00000, 0x00000000e3b00000| Untracked 
|  60|0x00000000e3c00000, 0x00000000e3c00000, 0x00000000e3d00000|  0%| F|  |TAMS 0x00000000e3c00000, 0x00000000e3c00000| Untracked 
|  61|0x00000000e3d00000, 0x00000000e3d00000, 0x00000000e3e00000|  0%| F|  |TAMS 0x00000000e3d00000, 0x00000000e3d00000| Untracked 
|  62|0x00000000e3e00000, 0x00000000e3e00000, 0x00000000e3f00000|  0%| F|  |TAMS 0x00000000e3e00000, 0x00000000e3e00000| Untracked 
|  63|0x00000000e3f00000, 0x00000000e3f00000, 0x00000000e4000000|  0%| F|  |TAMS 0x00000000e3f00000, 0x00000000e3f00000| Untracked 
|  64|0x00000000e4000000, 0x00000000e4000000, 0x00000000e4100000|  0%| F|  |TAMS 0x00000000e4000000, 0x00000000e4000000| Untracked 
|  65|0x00000000e4100000, 0x00000000e4100000, 0x00000000e4200000|  0%| F|  |TAMS 0x00000000e4100000, 0x00000000e4100000| Untracked 
|  66|0x00000000e4200000, 0x00000000e4200000, 0x00000000e4300000|  0%| F|  |TAMS 0x00000000e4200000, 0x00000000e4200000| Untracked 
|  67|0x00000000e4300000, 0x00000000e4300000, 0x00000000e4400000|  0%| F|  |TAMS 0x00000000e4300000, 0x00000000e4300000| Untracked 
|  68|0x00000000e4400000, 0x00000000e4400000, 0x00000000e4500000|  0%| F|  |TAMS 0x00000000e4400000, 0x00000000e4400000| Untracked 
|  69|0x00000000e4500000, 0x00000000e4500000, 0x00000000e4600000|  0%| F|  |TAMS 0x00000000e4500000, 0x00000000e4500000| Untracked 
|  70|0x00000000e4600000, 0x00000000e4600000, 0x00000000e4700000|  0%| F|  |TAMS 0x00000000e4600000, 0x00000000e4600000| Untracked 
|  71|0x00000000e4700000, 0x00000000e4700000, 0x00000000e4800000|  0%| F|  |TAMS 0x00000000e4700000, 0x00000000e4700000| Untracked 
|  72|0x00000000e4800000, 0x00000000e4800000, 0x00000000e4900000|  0%| F|  |TAMS 0x00000000e4800000, 0x00000000e4800000| Untracked 
|  73|0x00000000e4900000, 0x00000000e4900000, 0x00000000e4a00000|  0%| F|  |TAMS 0x00000000e4900000, 0x00000000e4900000| Untracked 
|  74|0x00000000e4a00000, 0x00000000e4a00000, 0x00000000e4b00000|  0%| F|  |TAMS 0x00000000e4a00000, 0x00000000e4a00000| Untracked 
|  75|0x00000000e4b00000, 0x00000000e4b00000, 0x00000000e4c00000|  0%| F|  |TAMS 0x00000000e4b00000, 0x00000000e4b00000| Untracked 
|  76|0x00000000e4c00000, 0x00000000e4c00000, 0x00000000e4d00000|  0%| F|  |TAMS 0x00000000e4c00000, 0x00000000e4c00000| Untracked 
|  77|0x00000000e4d00000, 0x00000000e4d00000, 0x00000000e4e00000|  0%| F|  |TAMS 0x00000000e4d00000, 0x00000000e4d00000| Untracked 
|  78|0x00000000e4e00000, 0x00000000e4e00000, 0x00000000e4f00000|  0%| F|  |TAMS 0x00000000e4e00000, 0x00000000e4e00000| Untracked 
|  79|0x00000000e4f00000, 0x00000000e4f00000, 0x00000000e5000000|  0%| F|  |TAMS 0x00000000e4f00000, 0x00000000e4f00000| Untracked 
|  80|0x00000000e5000000, 0x00000000e5000000, 0x00000000e5100000|  0%| F|  |TAMS 0x00000000e5000000, 0x00000000e5000000| Untracked 
|  81|0x00000000e5100000, 0x00000000e5100000, 0x00000000e5200000|  0%| F|  |TAMS 0x00000000e5100000, 0x00000000e5100000| Untracked 
|  82|0x00000000e5200000, 0x00000000e5200000, 0x00000000e5300000|  0%| F|  |TAMS 0x00000000e5200000, 0x00000000e5200000| Untracked 
|  83|0x00000000e5300000, 0x00000000e5300000, 0x00000000e5400000|  0%| F|  |TAMS 0x00000000e5300000, 0x00000000e5300000| Untracked 
|  84|0x00000000e5400000, 0x00000000e5400000, 0x00000000e5500000|  0%| F|  |TAMS 0x00000000e5400000, 0x00000000e5400000| Untracked 
|  85|0x00000000e5500000, 0x00000000e5500000, 0x00000000e5600000|  0%| F|  |TAMS 0x00000000e5500000, 0x00000000e5500000| Untracked 
|  86|0x00000000e5600000, 0x00000000e5600000, 0x00000000e5700000|  0%| F|  |TAMS 0x00000000e5600000, 0x00000000e5600000| Untracked 
|  87|0x00000000e5700000, 0x00000000e5700000, 0x00000000e5800000|  0%| F|  |TAMS 0x00000000e5700000, 0x00000000e5700000| Untracked 
|  88|0x00000000e5800000, 0x00000000e5800000, 0x00000000e5900000|  0%| F|  |TAMS 0x00000000e5800000, 0x00000000e5800000| Untracked 
|  89|0x00000000e5900000, 0x00000000e5900000, 0x00000000e5a00000|  0%| F|  |TAMS 0x00000000e5900000, 0x00000000e5900000| Untracked 
|  90|0x00000000e5a00000, 0x00000000e5a00000, 0x00000000e5b00000|  0%| F|  |TAMS 0x00000000e5a00000, 0x00000000e5a00000| Untracked 
|  91|0x00000000e5b00000, 0x00000000e5b00000, 0x00000000e5c00000|  0%| F|  |TAMS 0x00000000e5b00000, 0x00000000e5b00000| Untracked 
|  92|0x00000000e5c00000, 0x00000000e5c00000, 0x00000000e5d00000|  0%| F|  |TAMS 0x00000000e5c00000, 0x00000000e5c00000| Untracked 
|  93|0x00000000e5d00000, 0x00000000e5d00000, 0x00000000e5e00000|  0%| F|  |TAMS 0x00000000e5d00000, 0x00000000e5d00000| Untracked 
|  94|0x00000000e5e00000, 0x00000000e5e00000, 0x00000000e5f00000|  0%| F|  |TAMS 0x00000000e5e00000, 0x00000000e5e00000| Untracked 
|  95|0x00000000e5f00000, 0x00000000e5f00000, 0x00000000e6000000|  0%| F|  |TAMS 0x00000000e5f00000, 0x00000000e5f00000| Untracked 
|  96|0x00000000e6000000, 0x00000000e6000000, 0x00000000e6100000|  0%| F|  |TAMS 0x00000000e6000000, 0x00000000e6000000| Untracked 
|  97|0x00000000e6100000, 0x00000000e6100000, 0x00000000e6200000|  0%| F|  |TAMS 0x00000000e6100000, 0x00000000e6100000| Untracked 
|  98|0x00000000e6200000, 0x00000000e6200000, 0x00000000e6300000|  0%| F|  |TAMS 0x00000000e6200000, 0x00000000e6200000| Untracked 
|  99|0x00000000e6300000, 0x00000000e6300000, 0x00000000e6400000|  0%| F|  |TAMS 0x00000000e6300000, 0x00000000e6300000| Untracked 
| 100|0x00000000e6400000, 0x00000000e6400000, 0x00000000e6500000|  0%| F|  |TAMS 0x00000000e6400000, 0x00000000e6400000| Untracked 
| 101|0x00000000e6500000, 0x00000000e6500000, 0x00000000e6600000|  0%| F|  |TAMS 0x00000000e6500000, 0x00000000e6500000| Untracked 
| 102|0x00000000e6600000, 0x00000000e6600000, 0x00000000e6700000|  0%| F|  |TAMS 0x00000000e6600000, 0x00000000e6600000| Untracked 
| 103|0x00000000e6700000, 0x00000000e6700000, 0x00000000e6800000|  0%| F|  |TAMS 0x00000000e6700000, 0x00000000e6700000| Untracked 
| 104|0x00000000e6800000, 0x00000000e6800000, 0x00000000e6900000|  0%| F|  |TAMS 0x00000000e6800000, 0x00000000e6800000| Untracked 
| 105|0x00000000e6900000, 0x00000000e6900000, 0x00000000e6a00000|  0%| F|  |TAMS 0x00000000e6900000, 0x00000000e6900000| Untracked 
| 106|0x00000000e6a00000, 0x00000000e6a00000, 0x00000000e6b00000|  0%| F|  |TAMS 0x00000000e6a00000, 0x00000000e6a00000| Untracked 
| 107|0x00000000e6b00000, 0x00000000e6b00000, 0x00000000e6c00000|  0%| F|  |TAMS 0x00000000e6b00000, 0x00000000e6b00000| Untracked 
| 108|0x00000000e6c00000, 0x00000000e6c00000, 0x00000000e6d00000|  0%| F|  |TAMS 0x00000000e6c00000, 0x00000000e6c00000| Untracked 
| 109|0x00000000e6d00000, 0x00000000e6d00000, 0x00000000e6e00000|  0%| F|  |TAMS 0x00000000e6d00000, 0x00000000e6d00000| Untracked 
| 110|0x00000000e6e00000, 0x00000000e6e00000, 0x00000000e6f00000|  0%| F|  |TAMS 0x00000000e6e00000, 0x00000000e6e00000| Untracked 
| 111|0x00000000e6f00000, 0x00000000e6f00000, 0x00000000e7000000|  0%| F|  |TAMS 0x00000000e6f00000, 0x00000000e6f00000| Untracked 
| 112|0x00000000e7000000, 0x00000000e7000000, 0x00000000e7100000|  0%| F|  |TAMS 0x00000000e7000000, 0x00000000e7000000| Untracked 
| 113|0x00000000e7100000, 0x00000000e7100000, 0x00000000e7200000|  0%| F|  |TAMS 0x00000000e7100000, 0x00000000e7100000| Untracked 
| 114|0x00000000e7200000, 0x00000000e7200000, 0x00000000e7300000|  0%| F|  |TAMS 0x00000000e7200000, 0x00000000e7200000| Untracked 
| 115|0x00000000e7300000, 0x00000000e7300000, 0x00000000e7400000|  0%| F|  |TAMS 0x00000000e7300000, 0x00000000e7300000| Untracked 
| 116|0x00000000e7400000, 0x00000000e7400000, 0x00000000e7500000|  0%| F|  |TAMS 0x00000000e7400000, 0x00000000e7400000| Untracked 
| 117|0x00000000e7500000, 0x00000000e7500000, 0x00000000e7600000|  0%| F|  |TAMS 0x00000000e7500000, 0x00000000e7500000| Untracked 
| 118|0x00000000e7600000, 0x00000000e7600000, 0x00000000e7700000|  0%| F|  |TAMS 0x00000000e7600000, 0x00000000e7600000| Untracked 
| 119|0x00000000e7700000, 0x00000000e7700000, 0x00000000e7800000|  0%| F|  |TAMS 0x00000000e7700000, 0x00000000e7700000| Untracked 
| 120|0x00000000e7800000, 0x00000000e7800000, 0x00000000e7900000|  0%| F|  |TAMS 0x00000000e7800000, 0x00000000e7800000| Untracked 
| 121|0x00000000e7900000, 0x00000000e7900000, 0x00000000e7a00000|  0%| F|  |TAMS 0x00000000e7900000, 0x00000000e7900000| Untracked 
| 122|0x00000000e7a00000, 0x00000000e7a00000, 0x00000000e7b00000|  0%| F|  |TAMS 0x00000000e7a00000, 0x00000000e7a00000| Untracked 
| 123|0x00000000e7b00000, 0x00000000e7b00000, 0x00000000e7c00000|  0%| F|  |TAMS 0x00000000e7b00000, 0x00000000e7b00000| Untracked 
| 124|0x00000000e7c00000, 0x00000000e7c00000, 0x00000000e7d00000|  0%| F|  |TAMS 0x00000000e7c00000, 0x00000000e7c00000| Untracked 
| 125|0x00000000e7d00000, 0x00000000e7d94638, 0x00000000e7e00000| 57%| S|CS|TAMS 0x00000000e7d00000, 0x00000000e7d00000| Complete 
| 126|0x00000000e7e00000, 0x00000000e7f00000, 0x00000000e7f00000|100%| S|CS|TAMS 0x00000000e7e00000, 0x00000000e7e00000| Complete 
| 127|0x00000000e7f00000, 0x00000000e8000000, 0x00000000e8000000|100%| S|CS|TAMS 0x00000000e7f00000, 0x00000000e7f00000| Complete 
| 128|0x00000000e8000000, 0x00000000e8100000, 0x00000000e8100000|100%| S|CS|TAMS 0x00000000e8000000, 0x00000000e8000000| Complete 
| 129|0x00000000e8100000, 0x00000000e8200000, 0x00000000e8200000|100%| S|CS|TAMS 0x00000000e8100000, 0x00000000e8100000| Complete 
| 130|0x00000000e8200000, 0x00000000e8300000, 0x00000000e8300000|100%| S|CS|TAMS 0x00000000e8200000, 0x00000000e8200000| Complete 
| 131|0x00000000e8300000, 0x00000000e8400000, 0x00000000e8400000|100%| S|CS|TAMS 0x00000000e8300000, 0x00000000e8300000| Complete 
| 132|0x00000000e8400000, 0x00000000e8500000, 0x00000000e8500000|100%| S|CS|TAMS 0x00000000e8400000, 0x00000000e8400000| Complete 
| 133|0x00000000e8500000, 0x00000000e8600000, 0x00000000e8600000|100%| S|CS|TAMS 0x00000000e8500000, 0x00000000e8500000| Complete 
| 134|0x00000000e8600000, 0x00000000e8700000, 0x00000000e8700000|100%| S|CS|TAMS 0x00000000e8600000, 0x00000000e8600000| Complete 
| 135|0x00000000e8700000, 0x00000000e8800000, 0x00000000e8800000|100%| S|CS|TAMS 0x00000000e8700000, 0x00000000e8700000| Complete 
| 136|0x00000000e8800000, 0x00000000e8900000, 0x00000000e8900000|100%| S|CS|TAMS 0x00000000e8800000, 0x00000000e8800000| Complete 
| 137|0x00000000e8900000, 0x00000000e8900000, 0x00000000e8a00000|  0%| F|  |TAMS 0x00000000e8900000, 0x00000000e8900000| Untracked 
| 138|0x00000000e8a00000, 0x00000000e8a00000, 0x00000000e8b00000|  0%| F|  |TAMS 0x00000000e8a00000, 0x00000000e8a00000| Untracked 
| 139|0x00000000e8b00000, 0x00000000e8b00000, 0x00000000e8c00000|  0%| F|  |TAMS 0x00000000e8b00000, 0x00000000e8b00000| Untracked 
| 140|0x00000000e8c00000, 0x00000000e8c00000, 0x00000000e8d00000|  0%| F|  |TAMS 0x00000000e8c00000, 0x00000000e8c00000| Untracked 
| 141|0x00000000e8d00000, 0x00000000e8d00000, 0x00000000e8e00000|  0%| F|  |TAMS 0x00000000e8d00000, 0x00000000e8d00000| Untracked 
| 142|0x00000000e8e00000, 0x00000000e8e00000, 0x00000000e8f00000|  0%| F|  |TAMS 0x00000000e8e00000, 0x00000000e8e00000| Untracked 
| 143|0x00000000e8f00000, 0x00000000e8f00000, 0x00000000e9000000|  0%| F|  |TAMS 0x00000000e8f00000, 0x00000000e8f00000| Untracked 
| 144|0x00000000e9000000, 0x00000000e9000000, 0x00000000e9100000|  0%| F|  |TAMS 0x00000000e9000000, 0x00000000e9000000| Untracked 
| 145|0x00000000e9100000, 0x00000000e9100000, 0x00000000e9200000|  0%| F|  |TAMS 0x00000000e9100000, 0x00000000e9100000| Untracked 
| 146|0x00000000e9200000, 0x00000000e9200000, 0x00000000e9300000|  0%| F|  |TAMS 0x00000000e9200000, 0x00000000e9200000| Untracked 
| 147|0x00000000e9300000, 0x00000000e9300000, 0x00000000e9400000|  0%| F|  |TAMS 0x00000000e9300000, 0x00000000e9300000| Untracked 
| 148|0x00000000e9400000, 0x00000000e9400000, 0x00000000e9500000|  0%| F|  |TAMS 0x00000000e9400000, 0x00000000e9400000| Untracked 
| 149|0x00000000e9500000, 0x00000000e9500000, 0x00000000e9600000|  0%| F|  |TAMS 0x00000000e9500000, 0x00000000e9500000| Untracked 
| 150|0x00000000e9600000, 0x00000000e9600000, 0x00000000e9700000|  0%| F|  |TAMS 0x00000000e9600000, 0x00000000e9600000| Untracked 
| 151|0x00000000e9700000, 0x00000000e9700000, 0x00000000e9800000|  0%| F|  |TAMS 0x00000000e9700000, 0x00000000e9700000| Untracked 
| 152|0x00000000e9800000, 0x00000000e9800000, 0x00000000e9900000|  0%| F|  |TAMS 0x00000000e9800000, 0x00000000e9800000| Untracked 
| 153|0x00000000e9900000, 0x00000000e9900000, 0x00000000e9a00000|  0%| F|  |TAMS 0x00000000e9900000, 0x00000000e9900000| Untracked 
| 154|0x00000000e9a00000, 0x00000000e9a00000, 0x00000000e9b00000|  0%| F|  |TAMS 0x00000000e9a00000, 0x00000000e9a00000| Untracked 
| 155|0x00000000e9b00000, 0x00000000e9b00000, 0x00000000e9c00000|  0%| F|  |TAMS 0x00000000e9b00000, 0x00000000e9b00000| Untracked 
| 156|0x00000000e9c00000, 0x00000000e9c00000, 0x00000000e9d00000|  0%| F|  |TAMS 0x00000000e9c00000, 0x00000000e9c00000| Untracked 
| 157|0x00000000e9d00000, 0x00000000e9d00000, 0x00000000e9e00000|  0%| F|  |TAMS 0x00000000e9d00000, 0x00000000e9d00000| Untracked 
| 158|0x00000000e9e00000, 0x00000000e9e00000, 0x00000000e9f00000|  0%| F|  |TAMS 0x00000000e9e00000, 0x00000000e9e00000| Untracked 
| 159|0x00000000e9f00000, 0x00000000e9f00000, 0x00000000ea000000|  0%| F|  |TAMS 0x00000000e9f00000, 0x00000000e9f00000| Untracked 
| 160|0x00000000ea000000, 0x00000000ea000000, 0x00000000ea100000|  0%| F|  |TAMS 0x00000000ea000000, 0x00000000ea000000| Untracked 
| 161|0x00000000ea100000, 0x00000000ea100000, 0x00000000ea200000|  0%| F|  |TAMS 0x00000000ea100000, 0x00000000ea100000| Untracked 
| 162|0x00000000ea200000, 0x00000000ea200000, 0x00000000ea300000|  0%| F|  |TAMS 0x00000000ea200000, 0x00000000ea200000| Untracked 
| 163|0x00000000ea300000, 0x00000000ea300000, 0x00000000ea400000|  0%| F|  |TAMS 0x00000000ea300000, 0x00000000ea300000| Untracked 
| 164|0x00000000ea400000, 0x00000000ea400000, 0x00000000ea500000|  0%| F|  |TAMS 0x00000000ea400000, 0x00000000ea400000| Untracked 
| 165|0x00000000ea500000, 0x00000000ea500000, 0x00000000ea600000|  0%| F|  |TAMS 0x00000000ea500000, 0x00000000ea500000| Untracked 
| 166|0x00000000ea600000, 0x00000000ea600000, 0x00000000ea700000|  0%| F|  |TAMS 0x00000000ea600000, 0x00000000ea600000| Untracked 
| 167|0x00000000ea700000, 0x00000000ea700000, 0x00000000ea800000|  0%| F|  |TAMS 0x00000000ea700000, 0x00000000ea700000| Untracked 
| 168|0x00000000ea800000, 0x00000000ea800000, 0x00000000ea900000|  0%| F|  |TAMS 0x00000000ea800000, 0x00000000ea800000| Untracked 
| 169|0x00000000ea900000, 0x00000000ea900000, 0x00000000eaa00000|  0%| F|  |TAMS 0x00000000ea900000, 0x00000000ea900000| Untracked 
| 170|0x00000000eaa00000, 0x00000000eaa00000, 0x00000000eab00000|  0%| F|  |TAMS 0x00000000eaa00000, 0x00000000eaa00000| Untracked 
| 171|0x00000000eab00000, 0x00000000eab00000, 0x00000000eac00000|  0%| F|  |TAMS 0x00000000eab00000, 0x00000000eab00000| Untracked 
| 172|0x00000000eac00000, 0x00000000eac00000, 0x00000000ead00000|  0%| F|  |TAMS 0x00000000eac00000, 0x00000000eac00000| Untracked 
| 173|0x00000000ead00000, 0x00000000ead00000, 0x00000000eae00000|  0%| F|  |TAMS 0x00000000ead00000, 0x00000000ead00000| Untracked 
| 174|0x00000000eae00000, 0x00000000eae00000, 0x00000000eaf00000|  0%| F|  |TAMS 0x00000000eae00000, 0x00000000eae00000| Untracked 
| 175|0x00000000eaf00000, 0x00000000eaf00000, 0x00000000eb000000|  0%| F|  |TAMS 0x00000000eaf00000, 0x00000000eaf00000| Untracked 
| 176|0x00000000eb000000, 0x00000000eb000000, 0x00000000eb100000|  0%| F|  |TAMS 0x00000000eb000000, 0x00000000eb000000| Untracked 
| 177|0x00000000eb100000, 0x00000000eb100000, 0x00000000eb200000|  0%| F|  |TAMS 0x00000000eb100000, 0x00000000eb100000| Untracked 
| 178|0x00000000eb200000, 0x00000000eb200000, 0x00000000eb300000|  0%| F|  |TAMS 0x00000000eb200000, 0x00000000eb200000| Untracked 
| 179|0x00000000eb300000, 0x00000000eb300000, 0x00000000eb400000|  0%| F|  |TAMS 0x00000000eb300000, 0x00000000eb300000| Untracked 
| 180|0x00000000eb400000, 0x00000000eb400000, 0x00000000eb500000|  0%| F|  |TAMS 0x00000000eb400000, 0x00000000eb400000| Untracked 
| 181|0x00000000eb500000, 0x00000000eb500000, 0x00000000eb600000|  0%| F|  |TAMS 0x00000000eb500000, 0x00000000eb500000| Untracked 
| 182|0x00000000eb600000, 0x00000000eb600000, 0x00000000eb700000|  0%| F|  |TAMS 0x00000000eb600000, 0x00000000eb600000| Untracked 
| 183|0x00000000eb700000, 0x00000000eb700000, 0x00000000eb800000|  0%| F|  |TAMS 0x00000000eb700000, 0x00000000eb700000| Untracked 
| 184|0x00000000eb800000, 0x00000000eb800000, 0x00000000eb900000|  0%| F|  |TAMS 0x00000000eb800000, 0x00000000eb800000| Untracked 
| 185|0x00000000eb900000, 0x00000000eb900000, 0x00000000eba00000|  0%| F|  |TAMS 0x00000000eb900000, 0x00000000eb900000| Untracked 
| 186|0x00000000eba00000, 0x00000000eba00000, 0x00000000ebb00000|  0%| F|  |TAMS 0x00000000eba00000, 0x00000000eba00000| Untracked 
| 187|0x00000000ebb00000, 0x00000000ebb00000, 0x00000000ebc00000|  0%| F|  |TAMS 0x00000000ebb00000, 0x00000000ebb00000| Untracked 
| 188|0x00000000ebc00000, 0x00000000ebc00000, 0x00000000ebd00000|  0%| F|  |TAMS 0x00000000ebc00000, 0x00000000ebc00000| Untracked 
| 189|0x00000000ebd00000, 0x00000000ebd00000, 0x00000000ebe00000|  0%| F|  |TAMS 0x00000000ebd00000, 0x00000000ebd00000| Untracked 
| 190|0x00000000ebe00000, 0x00000000ebe00000, 0x00000000ebf00000|  0%| F|  |TAMS 0x00000000ebe00000, 0x00000000ebe00000| Untracked 
| 191|0x00000000ebf00000, 0x00000000ebf00000, 0x00000000ec000000|  0%| F|  |TAMS 0x00000000ebf00000, 0x00000000ebf00000| Untracked 
| 192|0x00000000ec000000, 0x00000000ec000000, 0x00000000ec100000|  0%| F|  |TAMS 0x00000000ec000000, 0x00000000ec000000| Untracked 
| 193|0x00000000ec100000, 0x00000000ec100000, 0x00000000ec200000|  0%| F|  |TAMS 0x00000000ec100000, 0x00000000ec100000| Untracked 
| 194|0x00000000ec200000, 0x00000000ec200000, 0x00000000ec300000|  0%| F|  |TAMS 0x00000000ec200000, 0x00000000ec200000| Untracked 
| 195|0x00000000ec300000, 0x00000000ec300000, 0x00000000ec400000|  0%| F|  |TAMS 0x00000000ec300000, 0x00000000ec300000| Untracked 
| 196|0x00000000ec400000, 0x00000000ec400000, 0x00000000ec500000|  0%| F|  |TAMS 0x00000000ec400000, 0x00000000ec400000| Untracked 
| 197|0x00000000ec500000, 0x00000000ec500000, 0x00000000ec600000|  0%| F|  |TAMS 0x00000000ec500000, 0x00000000ec500000| Untracked 
| 198|0x00000000ec600000, 0x00000000ec600000, 0x00000000ec700000|  0%| F|  |TAMS 0x00000000ec600000, 0x00000000ec600000| Untracked 
| 199|0x00000000ec700000, 0x00000000ec700000, 0x00000000ec800000|  0%| F|  |TAMS 0x00000000ec700000, 0x00000000ec700000| Untracked 
| 200|0x00000000ec800000, 0x00000000ec800000, 0x00000000ec900000|  0%| F|  |TAMS 0x00000000ec800000, 0x00000000ec800000| Untracked 
| 201|0x00000000ec900000, 0x00000000ec900000, 0x00000000eca00000|  0%| F|  |TAMS 0x00000000ec900000, 0x00000000ec900000| Untracked 
| 202|0x00000000eca00000, 0x00000000eca00000, 0x00000000ecb00000|  0%| F|  |TAMS 0x00000000eca00000, 0x00000000eca00000| Untracked 
| 203|0x00000000ecb00000, 0x00000000ecb00000, 0x00000000ecc00000|  0%| F|  |TAMS 0x00000000ecb00000, 0x00000000ecb00000| Untracked 
| 204|0x00000000ecc00000, 0x00000000ecc00000, 0x00000000ecd00000|  0%| F|  |TAMS 0x00000000ecc00000, 0x00000000ecc00000| Untracked 
| 205|0x00000000ecd00000, 0x00000000ecd00000, 0x00000000ece00000|  0%| F|  |TAMS 0x00000000ecd00000, 0x00000000ecd00000| Untracked 
| 206|0x00000000ece00000, 0x00000000ece00000, 0x00000000ecf00000|  0%| F|  |TAMS 0x00000000ece00000, 0x00000000ece00000| Untracked 
| 207|0x00000000ecf00000, 0x00000000ecf00000, 0x00000000ed000000|  0%| F|  |TAMS 0x00000000ecf00000, 0x00000000ecf00000| Untracked 
| 208|0x00000000ed000000, 0x00000000ed000000, 0x00000000ed100000|  0%| F|  |TAMS 0x00000000ed000000, 0x00000000ed000000| Untracked 
| 209|0x00000000ed100000, 0x00000000ed100000, 0x00000000ed200000|  0%| F|  |TAMS 0x00000000ed100000, 0x00000000ed100000| Untracked 
| 210|0x00000000ed200000, 0x00000000ed200000, 0x00000000ed300000|  0%| F|  |TAMS 0x00000000ed200000, 0x00000000ed200000| Untracked 
| 211|0x00000000ed300000, 0x00000000ed300000, 0x00000000ed400000|  0%| F|  |TAMS 0x00000000ed300000, 0x00000000ed300000| Untracked 
| 212|0x00000000ed400000, 0x00000000ed400000, 0x00000000ed500000|  0%| F|  |TAMS 0x00000000ed400000, 0x00000000ed400000| Untracked 
| 213|0x00000000ed500000, 0x00000000ed500000, 0x00000000ed600000|  0%| F|  |TAMS 0x00000000ed500000, 0x00000000ed500000| Untracked 
| 214|0x00000000ed600000, 0x00000000ed600000, 0x00000000ed700000|  0%| F|  |TAMS 0x00000000ed600000, 0x00000000ed600000| Untracked 
| 215|0x00000000ed700000, 0x00000000ed700000, 0x00000000ed800000|  0%| F|  |TAMS 0x00000000ed700000, 0x00000000ed700000| Untracked 
| 216|0x00000000ed800000, 0x00000000ed800000, 0x00000000ed900000|  0%| F|  |TAMS 0x00000000ed800000, 0x00000000ed800000| Untracked 
| 217|0x00000000ed900000, 0x00000000ed900000, 0x00000000eda00000|  0%| F|  |TAMS 0x00000000ed900000, 0x00000000ed900000| Untracked 
| 218|0x00000000eda00000, 0x00000000eda00000, 0x00000000edb00000|  0%| F|  |TAMS 0x00000000eda00000, 0x00000000eda00000| Untracked 
| 219|0x00000000edb00000, 0x00000000edb00000, 0x00000000edc00000|  0%| F|  |TAMS 0x00000000edb00000, 0x00000000edb00000| Untracked 
| 220|0x00000000edc00000, 0x00000000edc00000, 0x00000000edd00000|  0%| F|  |TAMS 0x00000000edc00000, 0x00000000edc00000| Untracked 
| 221|0x00000000edd00000, 0x00000000edd00000, 0x00000000ede00000|  0%| F|  |TAMS 0x00000000edd00000, 0x00000000edd00000| Untracked 
| 222|0x00000000ede00000, 0x00000000ede00000, 0x00000000edf00000|  0%| F|  |TAMS 0x00000000ede00000, 0x00000000ede00000| Untracked 
| 223|0x00000000edf00000, 0x00000000edf00000, 0x00000000ee000000|  0%| F|  |TAMS 0x00000000edf00000, 0x00000000edf00000| Untracked 
| 224|0x00000000ee000000, 0x00000000ee000000, 0x00000000ee100000|  0%| F|  |TAMS 0x00000000ee000000, 0x00000000ee000000| Untracked 
| 225|0x00000000ee100000, 0x00000000ee100000, 0x00000000ee200000|  0%| F|  |TAMS 0x00000000ee100000, 0x00000000ee100000| Untracked 
| 226|0x00000000ee200000, 0x00000000ee200000, 0x00000000ee300000|  0%| F|  |TAMS 0x00000000ee200000, 0x00000000ee200000| Untracked 
| 227|0x00000000ee300000, 0x00000000ee300000, 0x00000000ee400000|  0%| F|  |TAMS 0x00000000ee300000, 0x00000000ee300000| Untracked 
| 228|0x00000000ee400000, 0x00000000ee400000, 0x00000000ee500000|  0%| F|  |TAMS 0x00000000ee400000, 0x00000000ee400000| Untracked 
| 229|0x00000000ee500000, 0x00000000ee500000, 0x00000000ee600000|  0%| F|  |TAMS 0x00000000ee500000, 0x00000000ee500000| Untracked 
| 230|0x00000000ee600000, 0x00000000ee600000, 0x00000000ee700000|  0%| F|  |TAMS 0x00000000ee600000, 0x00000000ee600000| Untracked 
| 231|0x00000000ee700000, 0x00000000ee700000, 0x00000000ee800000|  0%| F|  |TAMS 0x00000000ee700000, 0x00000000ee700000| Untracked 
| 232|0x00000000ee800000, 0x00000000ee800000, 0x00000000ee900000|  0%| F|  |TAMS 0x00000000ee800000, 0x00000000ee800000| Untracked 
| 233|0x00000000ee900000, 0x00000000ee900000, 0x00000000eea00000|  0%| F|  |TAMS 0x00000000ee900000, 0x00000000ee900000| Untracked 
| 234|0x00000000eea00000, 0x00000000eea00000, 0x00000000eeb00000|  0%| F|  |TAMS 0x00000000eea00000, 0x00000000eea00000| Untracked 
| 235|0x00000000eeb00000, 0x00000000eeb80800, 0x00000000eec00000| 50%| E|  |TAMS 0x00000000eeb00000, 0x00000000eeb00000| Complete 
| 236|0x00000000eec00000, 0x00000000eed00000, 0x00000000eed00000|100%| E|CS|TAMS 0x00000000eec00000, 0x00000000eec00000| Complete 
| 237|0x00000000eed00000, 0x00000000eee00000, 0x00000000eee00000|100%| E|CS|TAMS 0x00000000eed00000, 0x00000000eed00000| Complete 
| 238|0x00000000eee00000, 0x00000000eef00000, 0x00000000eef00000|100%| E|CS|TAMS 0x00000000eee00000, 0x00000000eee00000| Complete 
| 239|0x00000000eef00000, 0x00000000ef000000, 0x00000000ef000000|100%| E|CS|TAMS 0x00000000eef00000, 0x00000000eef00000| Complete 
| 240|0x00000000ef000000, 0x00000000ef100000, 0x00000000ef100000|100%| E|CS|TAMS 0x00000000ef000000, 0x00000000ef000000| Complete 
| 241|0x00000000ef100000, 0x00000000ef200000, 0x00000000ef200000|100%| E|CS|TAMS 0x00000000ef100000, 0x00000000ef100000| Complete 
| 242|0x00000000ef200000, 0x00000000ef300000, 0x00000000ef300000|100%| E|CS|TAMS 0x00000000ef200000, 0x00000000ef200000| Complete 
| 243|0x00000000ef300000, 0x00000000ef400000, 0x00000000ef400000|100%| E|CS|TAMS 0x00000000ef300000, 0x00000000ef300000| Complete 
| 244|0x00000000ef400000, 0x00000000ef500000, 0x00000000ef500000|100%| E|CS|TAMS 0x00000000ef400000, 0x00000000ef400000| Complete 
| 245|0x00000000ef500000, 0x00000000ef600000, 0x00000000ef600000|100%| E|CS|TAMS 0x00000000ef500000, 0x00000000ef500000| Complete 
| 246|0x00000000ef600000, 0x00000000ef700000, 0x00000000ef700000|100%| E|CS|TAMS 0x00000000ef600000, 0x00000000ef600000| Complete 
| 247|0x00000000ef700000, 0x00000000ef800000, 0x00000000ef800000|100%| E|CS|TAMS 0x00000000ef700000, 0x00000000ef700000| Complete 
| 248|0x00000000ef800000, 0x00000000ef900000, 0x00000000ef900000|100%| E|CS|TAMS 0x00000000ef800000, 0x00000000ef800000| Complete 
| 249|0x00000000ef900000, 0x00000000efa00000, 0x00000000efa00000|100%| E|CS|TAMS 0x00000000ef900000, 0x00000000ef900000| Complete 
| 250|0x00000000efa00000, 0x00000000efb00000, 0x00000000efb00000|100%| E|CS|TAMS 0x00000000efa00000, 0x00000000efa00000| Complete 
| 251|0x00000000efb00000, 0x00000000efc00000, 0x00000000efc00000|100%| E|CS|TAMS 0x00000000efb00000, 0x00000000efb00000| Complete 
| 252|0x00000000efc00000, 0x00000000efd00000, 0x00000000efd00000|100%| E|CS|TAMS 0x00000000efc00000, 0x00000000efc00000| Complete 
| 253|0x00000000efd00000, 0x00000000efe00000, 0x00000000efe00000|100%| E|CS|TAMS 0x00000000efd00000, 0x00000000efd00000| Complete 
| 254|0x00000000efe00000, 0x00000000eff00000, 0x00000000eff00000|100%| E|CS|TAMS 0x00000000efe00000, 0x00000000efe00000| Complete 
| 255|0x00000000eff00000, 0x00000000f0000000, 0x00000000f0000000|100%| E|CS|TAMS 0x00000000eff00000, 0x00000000eff00000| Complete 

Card table byte_map: [0x000001576e4b0000,0x000001576e5b0000] _byte_map_base: 0x000001576ddb0000

Marking Bits (Prev, Next): (CMBitMap*) 0x000001575737da40, (CMBitMap*) 0x000001575737da00
 Prev Bits: [0x000001576eeb0000, 0x000001576f6b0000)
 Next Bits: [0x000001576e6b0000, 0x000001576eeb0000)

Polling page: 0x0000015756b00000

Metaspace:

Usage:
  Non-class:     19.35 MB used.
      Class:      3.42 MB used.
       Both:     22.77 MB used.

Virtual space:
  Non-class space:       64.00 MB reserved,      19.50 MB ( 30%) committed,  1 nodes.
      Class space:      320.00 MB reserved,       3.56 MB (  1%) committed,  1 nodes.
             Both:      384.00 MB reserved,      23.06 MB (  6%) committed. 

Chunk freelists:
   Non-Class:  12.14 MB
       Class:  12.45 MB
        Both:  24.59 MB

MaxMetaspaceSize: 384.00 MB
CompressedClassSpaceSize: 320.00 MB
Initial GC threshold: 21.00 MB
Current GC threshold: 35.25 MB
CDS: on
MetaspaceReclaimPolicy: balanced
 - commit_granule_bytes: 65536.
 - commit_granule_words: 8192.
 - virtual_space_node_default_size: 8388608.
 - enlarge_chunks_in_place: 1.
 - new_chunks_are_fully_committed: 0.
 - uncommit_free_chunks: 1.
 - use_allocation_guard: 0.
 - handle_deallocations: 1.


Internal statistics:

num_allocs_failed_limit: 3.
num_arena_births: 246.
num_arena_deaths: 0.
num_vsnodes_births: 2.
num_vsnodes_deaths: 0.
num_space_committed: 369.
num_space_uncommitted: 0.
num_chunks_returned_to_freelist: 3.
num_chunks_taken_from_freelist: 1115.
num_chunk_merges: 3.
num_chunk_splits: 736.
num_chunks_enlarged: 517.
num_inconsistent_stats: 0.

CodeHeap 'non-profiled nmethods': size=120000Kb used=1538Kb max_used=1538Kb free=118462Kb
 bounds [0x0000015766930000, 0x0000015766ba0000, 0x000001576de60000]
CodeHeap 'profiled nmethods': size=120000Kb used=5911Kb max_used=5911Kb free=114088Kb
 bounds [0x000001575ee60000, 0x000001575f430000, 0x0000015766390000]
CodeHeap 'non-nmethods': size=5760Kb used=1238Kb max_used=1286Kb free=4521Kb
 bounds [0x0000015766390000, 0x0000015766600000, 0x0000015766930000]
 total_blobs=3378 nmethods=2827 adapters=463
 compilation: enabled
              stopped_count=0, restarted_count=0
 full_count=0

Compilation events (20 events):
Event: 4.179 Thread 0x000001577233f790 2815       3       org.objectweb.asm.Type::getArgumentTypes (154 bytes)
Event: 4.181 Thread 0x000001577233f790 nmethod 2815 0x000001575f419810 code [0x000001575f419ce0, 0x000001575f41c588]
Event: 4.181 Thread 0x000001577233f790 2817       3       org.objectweb.asm.MethodWriter::putAbstractTypes (31 bytes)
Event: 4.181 Thread 0x000001577233f790 nmethod 2817 0x000001575f41d490 code [0x000001575f41d640, 0x000001575f41d888]
Event: 4.181 Thread 0x000001577233f790 2818       3       org.objectweb.asm.MethodWriter::hasFrames (13 bytes)
Event: 4.182 Thread 0x000001577233f790 nmethod 2818 0x000001575f41da10 code [0x000001575f41dba0, 0x000001575f41dd18]
Event: 4.182 Thread 0x000001577233f790 2819       3       org.objectweb.asm.MethodWriter::putMethodInfo (1274 bytes)
Event: 4.183 Thread 0x000001577233f790 nmethod 2819 0x000001575f41dd90 code [0x000001575f41e440, 0x000001575f420b68]
Event: 4.183 Thread 0x000001577233f790 2821       3       org.objectweb.asm.Frame::setInputFrameFromDescriptor (175 bytes)
Event: 4.184 Thread 0x000001577233f790 nmethod 2821 0x000001575f421e90 code [0x000001575f4220a0, 0x000001575f422898]
Event: 4.184 Thread 0x000001577233f790 2816       3       org.objectweb.asm.MethodWriter::visitEnd (1 bytes)
Event: 4.184 Thread 0x000001577233f790 nmethod 2816 0x000001575f422c90 code [0x000001575f422e20, 0x000001575f422f38]
Event: 4.184 Thread 0x000001577233f790 2820       3       org.objectweb.asm.Handler::putExceptionTable (63 bytes)
Event: 4.184 Thread 0x000001577233f790 nmethod 2820 0x000001575f423010 code [0x000001575f423220, 0x000001575f423688]
Event: 4.186 Thread 0x000001577277b820 nmethod 2804 0x0000015766aae810 code [0x0000015766aaea00, 0x0000015766aaf928]
Event: 4.186 Thread 0x000001577277b820 2805       4       java.lang.reflect.Modifier::isStatic (13 bytes)
Event: 4.186 Thread 0x000001577277b820 nmethod 2805 0x0000015766aaff10 code [0x0000015766ab0080, 0x0000015766ab00d8]
Event: 4.187 Thread 0x000001577277b820 2822       4       java.lang.ThreadLocal::getMap (5 bytes)
Event: 4.188 Thread 0x000001577277b820 nmethod 2822 0x0000015766ab0210 code [0x0000015766ab0380, 0x0000015766ab0418]
Event: 4.191 Thread 0x000001577277b820 2823   !   4       java.util.zip.ZipFile$ZipFileInflaterInputStream::close (67 bytes)

GC Heap History (6 events):
Event: 1.069 GC heap before
{Heap before GC invocations=0 (full 0):
 garbage-first heap   total 262144K, used 26624K [0x00000000e0000000, 0x0000000100000000)
  region size 1024K, 23 young (23552K), 0 survivors (0K)
 Metaspace       used 2990K, committed 3136K, reserved 393216K
  class space    used 384K, committed 448K, reserved 327680K
}
Event: 1.073 GC heap after
{Heap after GC invocations=1 (full 0):
 garbage-first heap   total 262144K, used 10882K [0x00000000e0000000, 0x0000000100000000)
  region size 1024K, 3 young (3072K), 3 survivors (3072K)
 Metaspace       used 2990K, committed 3136K, reserved 393216K
  class space    used 384K, committed 448K, reserved 327680K
}
Event: 1.609 GC heap before
{Heap before GC invocations=1 (full 0):
 garbage-first heap   total 262144K, used 38530K [0x00000000e0000000, 0x0000000100000000)
  region size 1024K, 30 young (30720K), 3 survivors (3072K)
 Metaspace       used 3979K, committed 4160K, reserved 393216K
  class space    used 489K, committed 576K, reserved 327680K
}
Event: 1.613 GC heap after
{Heap after GC invocations=2 (full 0):
 garbage-first heap   total 262144K, used 11465K [0x00000000e0000000, 0x0000000100000000)
  region size 1024K, 1 young (1024K), 1 survivors (1024K)
 Metaspace       used 3979K, committed 4160K, reserved 393216K
  class space    used 489K, committed 576K, reserved 327680K
}
Event: 3.999 GC heap before
{Heap before GC invocations=2 (full 0):
 garbage-first heap   total 262144K, used 132297K [0x00000000e0000000, 0x0000000100000000)
  region size 1024K, 119 young (121856K), 1 survivors (1024K)
 Metaspace       used 21264K, committed 21504K, reserved 393216K
  class space    used 3146K, committed 3264K, reserved 327680K
}
Event: 4.007 GC heap after
{Heap after GC invocations=3 (full 0):
 garbage-first heap   total 262144K, used 22510K [0x00000000e0000000, 0x0000000100000000)
  region size 1024K, 12 young (12288K), 12 survivors (12288K)
 Metaspace       used 21264K, committed 21504K, reserved 393216K
  class space    used 3146K, committed 3264K, reserved 327680K
}

Dll operation events (15 events):
Event: 0.013 Loaded shared library C:\Program Files\Amazon Corretto\jdk17.0.10_7\bin\java.dll
Event: 0.039 Loaded shared library C:\Program Files\Amazon Corretto\jdk17.0.10_7\bin\jsvml.dll
Event: 0.094 Loaded shared library C:\Program Files\Amazon Corretto\jdk17.0.10_7\bin\zip.dll
Event: 0.097 Loaded shared library C:\Program Files\Amazon Corretto\jdk17.0.10_7\bin\instrument.dll
Event: 0.102 Loaded shared library C:\Program Files\Amazon Corretto\jdk17.0.10_7\bin\net.dll
Event: 0.103 Loaded shared library C:\Program Files\Amazon Corretto\jdk17.0.10_7\bin\nio.dll
Event: 0.108 Loaded shared library C:\Program Files\Amazon Corretto\jdk17.0.10_7\bin\zip.dll
Event: 0.426 Loaded shared library C:\Program Files\Amazon Corretto\jdk17.0.10_7\bin\jimage.dll
Event: 0.527 Loaded shared library C:\Program Files\Amazon Corretto\jdk17.0.10_7\bin\verify.dll
Event: 0.884 Loaded shared library C:\Users\david\.gradle\native\c067742578af261105cb4f569cf0c3c89f3d7b1fecec35dd04571415982c5e48\windows-amd64\native-platform.dll
Event: 0.906 Loaded shared library C:\Users\david\.gradle\native\38dada09dfb8b06ba9b0570ebf7e218e3eb74d4ef43ca46872605cf95ebc2f47\windows-amd64\native-platform-file-events.dll
Event: 2.032 Loaded shared library C:\Program Files\Amazon Corretto\jdk17.0.10_7\bin\management.dll
Event: 2.034 Loaded shared library C:\Program Files\Amazon Corretto\jdk17.0.10_7\bin\management_ext.dll
Event: 2.206 Loaded shared library C:\Program Files\Amazon Corretto\jdk17.0.10_7\bin\extnet.dll
Event: 2.422 Loaded shared library C:\Program Files\Amazon Corretto\jdk17.0.10_7\bin\sunmscapi.dll

Deoptimization events (20 events):
Event: 3.351 Thread 0x0000015772329a50 DEOPT PACKING pc=0x000001575f20b849 sp=0x0000003915efbdc0
Event: 3.351 Thread 0x0000015772329a50 DEOPT UNPACKING pc=0x00000157663e7143 sp=0x0000003915efb2d0 mode 0
Event: 3.377 Thread 0x0000015772329a50 DEOPT PACKING pc=0x000001575f20b849 sp=0x0000003915efb8a0
Event: 3.377 Thread 0x0000015772329a50 DEOPT UNPACKING pc=0x00000157663e7143 sp=0x0000003915efadb0 mode 0
Event: 3.612 Thread 0x0000015772329a50 Uncommon trap: trap_request=0xffffff45 fr.pc=0x0000015766a40d04 relative=0x00000000000003c4
Event: 3.612 Thread 0x0000015772329a50 Uncommon trap: reason=unstable_if action=reinterpret pc=0x0000015766a40d04 method=java.util.HashMap.getNode(Ljava/lang/Object;)Ljava/util/HashMap$Node; @ 131 c2
Event: 3.612 Thread 0x0000015772329a50 DEOPT PACKING pc=0x0000015766a40d04 sp=0x0000003915efad50
Event: 3.612 Thread 0x0000015772329a50 DEOPT UNPACKING pc=0x00000157663e69a3 sp=0x0000003915efac70 mode 2
Event: 3.693 Thread 0x0000015772329a50 Uncommon trap: trap_request=0xffffff6e fr.pc=0x00000157669d97e4 relative=0x00000000000003c4
Event: 3.693 Thread 0x0000015772329a50 Uncommon trap: reason=loop_limit_check action=maybe_recompile pc=0x00000157669d97e4 method=java.lang.StringLatin1.indexOf([BI[BII)I @ 37 c2
Event: 3.693 Thread 0x0000015772329a50 DEOPT PACKING pc=0x00000157669d97e4 sp=0x0000003915ef8470
Event: 3.693 Thread 0x0000015772329a50 DEOPT UNPACKING pc=0x00000157663e69a3 sp=0x0000003915ef83d0 mode 2
Event: 3.839 Thread 0x0000015772329a50 Uncommon trap: trap_request=0xffffff76 fr.pc=0x0000015766a90900 relative=0x0000000000000160
Event: 3.839 Thread 0x0000015772329a50 Uncommon trap: reason=predicate action=maybe_recompile pc=0x0000015766a90900 method=com.google.common.base.CharMatcher.indexIn(Ljava/lang/CharSequence;I)I @ 19 c2
Event: 3.839 Thread 0x0000015772329a50 DEOPT PACKING pc=0x0000015766a90900 sp=0x0000003915efa410
Event: 3.839 Thread 0x0000015772329a50 DEOPT UNPACKING pc=0x00000157663e69a3 sp=0x0000003915efa3a0 mode 2
Event: 4.094 Thread 0x0000015772329a50 Uncommon trap: trap_request=0xffffff45 fr.pc=0x000001576697ac78 relative=0x00000000000005b8
Event: 4.094 Thread 0x0000015772329a50 Uncommon trap: reason=unstable_if action=reinterpret pc=0x000001576697ac78 method=java.util.HashMap.hash(Ljava/lang/Object;)I @ 1 c2
Event: 4.094 Thread 0x0000015772329a50 DEOPT PACKING pc=0x000001576697ac78 sp=0x0000003915ef6c50
Event: 4.094 Thread 0x0000015772329a50 DEOPT UNPACKING pc=0x00000157663e69a3 sp=0x0000003915ef6af8 mode 2

Classes unloaded (0 events):
No events

Classes redefined (0 events):
No events

Internal exceptions (20 events):
Event: 3.018 Thread 0x0000015772329a50 Exception <a 'java/lang/NoSuchMethodError'{0x00000000ebdd1500}: 'int java.lang.invoke.DirectMethodHandle$Holder.invokeSpecialIFC(java.lang.Object, java.lang.Object, java.lang.Object, java.lang.Object)'> (0x00000000ebdd1500) 
thrown [s\src\hotspot\share\interpreter\linkResolver.cpp, line 759]
Event: 3.019 Thread 0x0000015772329a50 Exception <a 'java/lang/NoSuchMethodError'{0x00000000ebde0370}: 'java.lang.Object java.lang.invoke.DirectMethodHandle$Holder.invokeInterface(java.lang.Object, java.lang.Object, java.lang.Object)'> (0x00000000ebde0370) 
thrown [s\src\hotspot\share\interpreter\linkResolver.cpp, line 759]
Event: 3.019 Thread 0x0000015772329a50 Exception <a 'java/lang/IncompatibleClassChangeError'{0x00000000ebde3f88}: Found class java.lang.Object, but interface was expected> (0x00000000ebde3f88) 
thrown [s\src\hotspot\share\interpreter\linkResolver.cpp, line 826]
Event: 3.050 Thread 0x0000015772329a50 Exception <a 'java/lang/NoSuchMethodError'{0x00000000ebbb2c98}: 'int java.lang.invoke.DirectMethodHandle$Holder.invokeStatic(java.lang.Object, java.lang.Object, java.lang.Object, java.lang.Object)'> (0x00000000ebbb2c98) 
thrown [s\src\hotspot\share\interpreter\linkResolver.cpp, line 759]
Event: 3.050 Thread 0x0000015772329a50 Exception <a 'java/lang/NoSuchMethodError'{0x00000000ebbb68c0}: 'java.lang.Object java.lang.invoke.Invokers$Holder.invokeExact_MT(java.lang.Object, java.lang.Object, java.lang.Object, java.lang.Object, java.lang.Object, java.lang.Object)'> (0x00000000ebbb68c0) 
thrown [s\src\hotspot\share\interpreter\linkResolver.cpp, line 759]
Event: 3.109 Thread 0x0000015772329a50 Exception <a 'java/lang/IncompatibleClassChangeError'{0x00000000eb8998d0}: Found class java.lang.Object, but interface was expected> (0x00000000eb8998d0) 
thrown [s\src\hotspot\share\interpreter\linkResolver.cpp, line 826]
Event: 3.601 Thread 0x0000015772329a50 Exception <a 'java/lang/NoSuchMethodError'{0x00000000ea202908}: 'java.lang.Object java.lang.invoke.DirectMethodHandle$Holder.invokeVirtual(java.lang.Object, java.lang.Object, java.lang.Object, java.lang.Object)'> (0x00000000ea202908) 
thrown [s\src\hotspot\share\interpreter\linkResolver.cpp, line 759]
Event: 3.618 Thread 0x0000015772329a50 Exception <a 'java/lang/NoSuchMethodError'{0x00000000ea14a738}: 'java.lang.Object java.lang.invoke.DirectMethodHandle$Holder.newInvokeSpecial(java.lang.Object, java.lang.Object, java.lang.Object, java.lang.Object, java.lang.Object, java.lang.Object, java.lang.Object)'> (0x00000000ea14a738) 
thrown [s\src\hotspot\share\interpreter\linkResolver.cpp, line 759]
Event: 3.619 Thread 0x0000015772329a50 Exception <a 'java/lang/NoSuchMethodError'{0x00000000ea14f408}: 'java.lang.Object java.lang.invoke.Invokers$Holder.linkToTargetMethod(java.lang.Object, java.lang.Object, java.lang.Object, java.lang.Object, java.lang.Object, java.lang.Object, java.lang.Object)'> (0x00000000ea14f408) 
thrown [s\src\hotspot\share\interpreter\linkResolver.cpp, line 759]
Event: 3.871 Thread 0x0000015772329a50 Exception <a 'java/lang/NoSuchMethodError'{0x00000000e93fc8c0}: 'void java.lang.invoke.DirectMethodHandle$Holder.invokeStatic(java.lang.Object, java.lang.Object, java.lang.Object, java.lang.Object)'> (0x00000000e93fc8c0) 
thrown [s\src\hotspot\share\interpreter\linkResolver.cpp, line 759]
Event: 3.873 Thread 0x0000015772329a50 Exception <a 'java/lang/NoSuchMethodError'{0x00000000e9211620}: 'int java.lang.invoke.DirectMethodHandle$Holder.invokeVirtual(java.lang.Object, java.lang.Object)'> (0x00000000e9211620) 
thrown [s\src\hotspot\share\interpreter\linkResolver.cpp, line 759]
Event: 3.875 Thread 0x0000015772329a50 Exception <a 'java/lang/NoSuchMethodError'{0x00000000e9223d18}: 'java.lang.Object java.lang.invoke.DirectMethodHandle$Holder.invokeStaticInit(java.lang.Object, java.lang.Object, java.lang.Object)'> (0x00000000e9223d18) 
thrown [s\src\hotspot\share\interpreter\linkResolver.cpp, line 759]
Event: 4.026 Thread 0x0000015772329a50 Exception <a 'java/lang/NoSuchMethodError'{0x00000000efe69ac0}: 'java.lang.Object java.lang.invoke.DirectMethodHandle$Holder.invokeSpecialIFC(java.lang.Object, java.lang.Object, java.lang.Object, java.lang.Object)'> (0x00000000efe69ac0) 
thrown [s\src\hotspot\share\interpreter\linkResolver.cpp, line 759]
Event: 4.033 Thread 0x0000015772329a50 Exception <a 'java/lang/NoSuchMethodError'{0x00000000efd51380}: 'java.lang.Object java.lang.invoke.DirectMethodHandle$Holder.newInvokeSpecial(java.lang.Object, java.lang.Object, java.lang.Object, java.lang.Object, java.lang.Object, java.lang.Object, java.lang.Object, java.lang.Object, java.lang.Object, java.lang.Object)'> (0x00000000efd51380) 
thrown [s\src\hotspot\share\interpreter\linkResolver.cpp, line 759]
Event: 4.033 Thread 0x0000015772329a50 Exception <a 'java/lang/NoSuchMethodError'{0x00000000efd56268}: 'java.lang.Object java.lang.invoke.Invokers$Holder.linkToTargetMethod(java.lang.Object, java.lang.Object, java.lang.Object, java.lang.Object, java.lang.Object, java.lang.Object, java.lang.Object, java.lang.Object, java.lang.Object, java.lang.Object)'> (0x00000000efd56268) 
thrown [s\src\hotspot\share\interpreter\linkResolver.cpp, line 759]
Event: 4.037 Thread 0x0000015772329a50 Exception <a 'java/lang/NoSuchMethodError'{0x00000000efdc7c70}: 'java.lang.Object java.lang.invoke.DirectMethodHandle$Holder.newInvokeSpecial(java.lang.Object, java.lang.Object, java.lang.Object, java.lang.Object, java.lang.Object, java.lang.Object, java.lang.Object, java.lang.Object, java.lang.Object, java.lang.Object, java.lang.Object)'> (0x00000000efdc7c70) 
thrown [s\src\hotspot\share\interpreter\linkResolver.cpp, line 759]
Event: 4.037 Thread 0x0000015772329a50 Exception <a 'java/lang/NoSuchMethodError'{0x00000000efdcd7a8}: 'java.lang.Object java.lang.invoke.DirectMethodHandle$Holder.invokeSpecial(java.lang.Object, java.lang.Object, java.lang.Object, java.lang.Object, java.lang.Object, java.lang.Object, java.lang.Object, java.lang.Object, java.lang.Object, java.lang.Object, java.lang.Object, java.lang.Object)'> (0x00000000efdcd7a8) 
thrown [s\src\hotspot\share\interpreter\linkResolver.cpp, line 759]
Event: 4.037 Thread 0x0000015772329a50 Exception <a 'java/lang/NoSuchMethodError'{0x00000000efdd2e40}: 'java.lang.Object java.lang.invoke.Invokers$Holder.linkToTargetMethod(java.lang.Object, java.lang.Object, java.lang.Object, java.lang.Object, java.lang.Object, java.lang.Object, java.lang.Object, java.lang.Object, java.lang.Object, java.lang.Object, java.lang.Object)'> (0x00000000efdd2e40) 
thrown [s\src\hotspot\share\interpreter\linkResolver.cpp, line 759]
Event: 4.045 Thread 0x0000015772329a50 Exception <a 'java/lang/NoSuchMethodError'{0x00000000efc605d8}: 'java.lang.Object java.lang.invoke.DirectMethodHandle$Holder.invokeStaticInit(java.lang.Object, java.lang.Object, java.lang.Object, java.lang.Object)'> (0x00000000efc605d8) 
thrown [s\src\hotspot\share\interpreter\linkResolver.cpp, line 759]
Event: 4.094 Thread 0x0000015772329a50 Implicit null exception at 0x000001576697a70f to 0x000001576697ac58

VM Operations (20 events):
Event: 3.091 Executing VM operation: HandshakeAllThreads
Event: 3.091 Executing VM operation: HandshakeAllThreads done
Event: 3.092 Executing VM operation: HandshakeAllThreads
Event: 3.092 Executing VM operation: HandshakeAllThreads done
Event: 3.189 Executing VM operation: HandshakeAllThreads
Event: 3.189 Executing VM operation: HandshakeAllThreads done
Event: 3.659 Executing VM operation: ICBufferFull
Event: 3.659 Executing VM operation: ICBufferFull done
Event: 3.903 Executing VM operation: HandshakeAllThreads
Event: 3.903 Executing VM operation: HandshakeAllThreads done
Event: 3.999 Executing VM operation: CollectForMetadataAllocation
Event: 4.007 Executing VM operation: CollectForMetadataAllocation done
Event: 4.011 Executing VM operation: G1PauseRemark
Event: 4.013 Executing VM operation: G1PauseRemark done
Event: 4.014 Executing VM operation: G1PauseCleanup
Event: 4.014 Executing VM operation: G1PauseCleanup done
Event: 4.098 Executing VM operation: HandshakeAllThreads
Event: 4.098 Executing VM operation: HandshakeAllThreads done
Event: 4.186 Executing VM operation: HandshakeAllThreads
Event: 4.186 Executing VM operation: HandshakeAllThreads done

Events (20 events):
Event: 3.878 loading class java/util/ArrayDeque$DeqSpliterator done
Event: 4.021 Thread 0x00000157793fa790 Thread added: 0x00000157793fa790
Event: 4.041 Thread 0x00000157793fda30 Thread added: 0x00000157793fda30
Event: 4.052 Thread 0x00000157793fc5f0 Thread added: 0x00000157793fc5f0
Event: 4.058 Thread 0x00000157793fe960 Thread added: 0x00000157793fe960
Event: 4.088 loading class java/lang/invoke/SerializedLambda
Event: 4.088 loading class java/lang/invoke/SerializedLambda done
Event: 4.092 loading class java/lang/reflect/AnnotatedType
Event: 4.092 loading class java/lang/reflect/AnnotatedType done
Event: 4.093 loading class sun/reflect/misc/ReflectUtil
Event: 4.094 loading class sun/reflect/misc/ReflectUtil done
Event: 4.100 loading class java/lang/Class$EnclosingMethodInfo
Event: 4.101 loading class java/lang/Class$EnclosingMethodInfo done
Event: 4.102 loading class sun/reflect/generics/tree/IntSignature
Event: 4.102 loading class sun/reflect/generics/tree/IntSignature done
Event: 4.103 loading class sun/reflect/generics/tree/ArrayTypeSignature
Event: 4.103 loading class sun/reflect/generics/tree/ArrayTypeSignature done
Event: 4.105 loading class java/lang/SafeVarargs
Event: 4.105 loading class java/lang/SafeVarargs done
Event: 4.144 Thread 0x00000157793faca0 Thread added: 0x00000157793faca0


Dynamic libraries:
0x00007ff687850000 - 0x00007ff68785e000 	C:\Program Files\Amazon Corretto\jdk17.0.10_7\bin\java.exe
0x00007ffcba530000 - 0x00007ffcba747000 	C:\Windows\SYSTEM32\ntdll.dll
0x00007ffcb8af0000 - 0x00007ffcb8bb4000 	C:\Windows\System32\KERNEL32.DLL
0x00007ffcb7b40000 - 0x00007ffcb7ef9000 	C:\Windows\System32\KERNELBASE.dll
0x00007ffcb7830000 - 0x00007ffcb7941000 	C:\Windows\System32\ucrtbase.dll
0x00007ffc49ce0000 - 0x00007ffc49cfb000 	C:\Program Files\Amazon Corretto\jdk17.0.10_7\bin\VCRUNTIME140.dll
0x00007ffc4e7a0000 - 0x00007ffc4e7b7000 	C:\Program Files\Amazon Corretto\jdk17.0.10_7\bin\jli.dll
0x00007ffcb8d80000 - 0x00007ffcb8f2e000 	C:\Windows\System32\USER32.dll
0x00007ffcb80c0000 - 0x00007ffcb80e6000 	C:\Windows\System32\win32u.dll
0x00007ffcba3f0000 - 0x00007ffcba419000 	C:\Windows\System32\GDI32.dll
0x00007ffca9bd0000 - 0x00007ffca9e62000 	C:\Windows\WinSxS\amd64_microsoft.windows.common-controls_6595b64144ccf1df_6.0.22621.4391_none_2715d37f73803e96\COMCTL32.dll
0x00007ffcb7f00000 - 0x00007ffcb801b000 	C:\Windows\System32\gdi32full.dll
0x00007ffcb8020000 - 0x00007ffcb80ba000 	C:\Windows\System32\msvcp_win.dll
0x00007ffcb9990000 - 0x00007ffcb9a37000 	C:\Windows\System32\msvcrt.dll
0x00007ffcb96e0000 - 0x00007ffcb9711000 	C:\Windows\System32\IMM32.DLL
0x00007ffc7e8c0000 - 0x00007ffc7e8cc000 	C:\Program Files\Amazon Corretto\jdk17.0.10_7\bin\vcruntime140_1.dll
0x00007ffc49080000 - 0x00007ffc4910d000 	C:\Program Files\Amazon Corretto\jdk17.0.10_7\bin\msvcp140.dll
0x00007ffc45010000 - 0x00007ffc45c72000 	C:\Program Files\Amazon Corretto\jdk17.0.10_7\bin\server\jvm.dll
0x00007ffcba420000 - 0x00007ffcba4d2000 	C:\Windows\System32\ADVAPI32.dll
0x00007ffcb9880000 - 0x00007ffcb9927000 	C:\Windows\System32\sechost.dll
0x00007ffcb8220000 - 0x00007ffcb8248000 	C:\Windows\System32\bcrypt.dll
0x00007ffcb9a40000 - 0x00007ffcb9b54000 	C:\Windows\System32\RPCRT4.dll
0x00007ffcb6680000 - 0x00007ffcb66cd000 	C:\Windows\SYSTEM32\POWRPROF.dll
0x00007ffc8f170000 - 0x00007ffc8f179000 	C:\Windows\SYSTEM32\WSOCK32.dll
0x00007ffcae530000 - 0x00007ffcae564000 	C:\Windows\SYSTEM32\WINMM.dll
0x00007ffc9fb10000 - 0x00007ffc9fb1a000 	C:\Windows\SYSTEM32\VERSION.dll
0x00007ffcb9b90000 - 0x00007ffcb9c01000 	C:\Windows\System32\WS2_32.dll
0x00007ffcb6660000 - 0x00007ffcb6673000 	C:\Windows\SYSTEM32\UMPDC.dll
0x00007ffcb6920000 - 0x00007ffcb6938000 	C:\Windows\SYSTEM32\kernel.appcore.dll
0x00007ffc685b0000 - 0x00007ffc685ba000 	C:\Program Files\Amazon Corretto\jdk17.0.10_7\bin\jimage.dll
0x00007ffcb50f0000 - 0x00007ffcb5322000 	C:\Windows\SYSTEM32\DBGHELP.DLL
0x00007ffcb90c0000 - 0x00007ffcb944f000 	C:\Windows\System32\combase.dll
0x00007ffcb9450000 - 0x00007ffcb9527000 	C:\Windows\System32\OLEAUT32.dll
0x00007ffca8ac0000 - 0x00007ffca8af2000 	C:\Windows\SYSTEM32\dbgcore.DLL
0x00007ffcb7950000 - 0x00007ffcb79cb000 	C:\Windows\System32\bcryptPrimitives.dll
0x00007ffc559b0000 - 0x00007ffc559be000 	C:\Program Files\Amazon Corretto\jdk17.0.10_7\bin\instrument.dll
0x00007ffc49250000 - 0x00007ffc49275000 	C:\Program Files\Amazon Corretto\jdk17.0.10_7\bin\java.dll
0x00007ffc46210000 - 0x00007ffc462e7000 	C:\Program Files\Amazon Corretto\jdk17.0.10_7\bin\jsvml.dll
0x00007ffcb8270000 - 0x00007ffcb8ae6000 	C:\Windows\System32\SHELL32.dll
0x00007ffcb5730000 - 0x00007ffcb6033000 	C:\Windows\SYSTEM32\windows.storage.dll
0x00007ffcb55f0000 - 0x00007ffcb572f000 	C:\Windows\SYSTEM32\wintypes.dll
0x00007ffcba2f0000 - 0x00007ffcba3e9000 	C:\Windows\System32\SHCORE.dll
0x00007ffcb9530000 - 0x00007ffcb958e000 	C:\Windows\System32\shlwapi.dll
0x00007ffcb7760000 - 0x00007ffcb778b000 	C:\Windows\SYSTEM32\profapi.dll
0x00007ffc49230000 - 0x00007ffc49248000 	C:\Program Files\Amazon Corretto\jdk17.0.10_7\bin\zip.dll
0x00007ffc49060000 - 0x00007ffc49079000 	C:\Program Files\Amazon Corretto\jdk17.0.10_7\bin\net.dll
0x00007ffcb05f0000 - 0x00007ffcb0726000 	C:\Windows\SYSTEM32\WINHTTP.dll
0x00007ffcb6da0000 - 0x00007ffcb6e09000 	C:\Windows\system32\mswsock.dll
0x00007ffc49040000 - 0x00007ffc49056000 	C:\Program Files\Amazon Corretto\jdk17.0.10_7\bin\nio.dll
0x00007ffc4e790000 - 0x00007ffc4e7a0000 	C:\Program Files\Amazon Corretto\jdk17.0.10_7\bin\verify.dll
0x00007ffc9fb40000 - 0x00007ffc9fb67000 	C:\Users\david\.gradle\native\c067742578af261105cb4f569cf0c3c89f3d7b1fecec35dd04571415982c5e48\windows-amd64\native-platform.dll
0x00007ffc44ec0000 - 0x00007ffc45004000 	C:\Users\david\.gradle\native\38dada09dfb8b06ba9b0570ebf7e218e3eb74d4ef43ca46872605cf95ebc2f47\windows-amd64\native-platform-file-events.dll
0x00007ffc4e6b0000 - 0x00007ffc4e6b9000 	C:\Program Files\Amazon Corretto\jdk17.0.10_7\bin\management.dll
0x00007ffc49030000 - 0x00007ffc4903b000 	C:\Program Files\Amazon Corretto\jdk17.0.10_7\bin\management_ext.dll
0x00007ffcba4e0000 - 0x00007ffcba4e8000 	C:\Windows\System32\PSAPI.DLL
0x00007ffcb6fa0000 - 0x00007ffcb6fbb000 	C:\Windows\SYSTEM32\CRYPTSP.dll
0x00007ffcb6880000 - 0x00007ffcb68b5000 	C:\Windows\system32\rsaenh.dll
0x00007ffcb6e40000 - 0x00007ffcb6e68000 	C:\Windows\SYSTEM32\USERENV.dll
0x00007ffcb6fe0000 - 0x00007ffcb6fec000 	C:\Windows\SYSTEM32\CRYPTBASE.dll
0x00007ffcb6290000 - 0x00007ffcb62bd000 	C:\Windows\SYSTEM32\IPHLPAPI.DLL
0x00007ffcb96d0000 - 0x00007ffcb96d9000 	C:\Windows\System32\NSI.dll
0x00007ffcb0010000 - 0x00007ffcb0029000 	C:\Windows\SYSTEM32\dhcpcsvc6.DLL
0x00007ffcb01e0000 - 0x00007ffcb01ff000 	C:\Windows\SYSTEM32\dhcpcsvc.DLL
0x00007ffcb62c0000 - 0x00007ffcb63c2000 	C:\Windows\SYSTEM32\DNSAPI.dll
0x00007ffc49020000 - 0x00007ffc49029000 	C:\Program Files\Amazon Corretto\jdk17.0.10_7\bin\extnet.dll
0x00007ffc49010000 - 0x00007ffc4901e000 	C:\Program Files\Amazon Corretto\jdk17.0.10_7\bin\sunmscapi.dll
0x00007ffcb79d0000 - 0x00007ffcb7b36000 	C:\Windows\System32\CRYPT32.dll
0x00007ffcb71f0000 - 0x00007ffcb721d000 	C:\Windows\SYSTEM32\ncrypt.dll
0x00007ffcb71b0000 - 0x00007ffcb71e7000 	C:\Windows\SYSTEM32\NTASN1.dll
0x00007ffc92c10000 - 0x00007ffc92c18000 	C:\Windows\system32\wshunix.dll

dbghelp: loaded successfully - version: 4.0.5 - missing functions: none
symbol engine: initialized successfully - sym options: 0x614 - pdb path: .;C:\Program Files\Amazon Corretto\jdk17.0.10_7\bin;C:\Windows\SYSTEM32;C:\Windows\WinSxS\amd64_microsoft.windows.common-controls_6595b64144ccf1df_6.0.22621.4391_none_2715d37f73803e96;C:\Program Files\Amazon Corretto\jdk17.0.10_7\bin\server;C:\Users\david\.gradle\native\c067742578af261105cb4f569cf0c3c89f3d7b1fecec35dd04571415982c5e48\windows-amd64;C:\Users\david\.gradle\native\38dada09dfb8b06ba9b0570ebf7e218e3eb74d4ef43ca46872605cf95ebc2f47\windows-amd64

VM Arguments:
jvm_args: --add-opens=java.base/java.util=ALL-UNNAMED --add-opens=java.base/java.lang=ALL-UNNAMED --add-opens=java.base/java.lang.invoke=ALL-UNNAMED --add-opens=java.prefs/java.util.prefs=ALL-UNNAMED --add-opens=java.base/java.nio.charset=ALL-UNNAMED --add-opens=java.base/java.net=ALL-UNNAMED --add-opens=java.base/java.util.concurrent.atomic=ALL-UNNAMED -XX:MaxMetaspaceSize=384m -XX:+HeapDumpOnOutOfMemoryError -Xms256m -Xmx512m -Dfile.encoding=windows-1252 -Duser.country=IT -Duser.language=it -Duser.variant -javaagent:C:\Users\david\.gradle\wrapper\dists\gradle-8.6-bin\afr5mpiioh2wthjmwnkmdsd5w\gradle-8.6\lib\agents\gradle-instrumentation-agent-8.6.jar 
java_command: org.gradle.launcher.daemon.bootstrap.GradleDaemon 8.6
java_class_path (initial): C:\Users\david\.gradle\wrapper\dists\gradle-8.6-bin\afr5mpiioh2wthjmwnkmdsd5w\gradle-8.6\lib\gradle-launcher-8.6.jar
Launcher Type: SUN_STANDARD

[Global flags]
     intx CICompilerCount                          = 4                                         {product} {ergonomic}
   size_t CompressedClassSpaceSize                 = 335544320                                 {product} {ergonomic}
     uint ConcGCThreads                            = 3                                         {product} {ergonomic}
     uint G1ConcRefinementThreads                  = 10                                        {product} {ergonomic}
   size_t G1HeapRegionSize                         = 1048576                                   {product} {ergonomic}
    uintx GCDrainStackTargetSize                   = 64                                        {product} {ergonomic}
     bool HeapDumpOnOutOfMemoryError               = true                                   {manageable} {command line}
   size_t InitialHeapSize                          = 268435456                                 {product} {command line}
   size_t MarkStackSize                            = 4194304                                   {product} {ergonomic}
   size_t MaxHeapSize                              = 536870912                                 {product} {command line}
   size_t MaxMetaspaceSize                         = 402653184                                 {product} {command line}
   size_t MaxNewSize                               = 321912832                                 {product} {ergonomic}
   size_t MinHeapDeltaBytes                        = 1048576                                   {product} {ergonomic}
   size_t MinHeapSize                              = 268435456                                 {product} {command line}
    uintx NonNMethodCodeHeapSize                   = 5839372                                {pd product} {ergonomic}
    uintx NonProfiledCodeHeapSize                  = 122909434                              {pd product} {ergonomic}
    uintx ProfiledCodeHeapSize                     = 122909434                              {pd product} {ergonomic}
    uintx ReservedCodeCacheSize                    = 251658240                              {pd product} {ergonomic}
     bool SegmentedCodeCache                       = true                                      {product} {ergonomic}
   size_t SoftMaxHeapSize                          = 536870912                              {manageable} {ergonomic}
     bool UseCompressedClassPointers               = true                           {product lp64_product} {ergonomic}
     bool UseCompressedOops                        = true                           {product lp64_product} {ergonomic}
     bool UseG1GC                                  = true                                      {product} {ergonomic}
     bool UseLargePagesIndividualAllocation        = false                                  {pd product} {ergonomic}

Logging:
Log output configuration:
 #0: stdout all=warning uptime,level,tags
 #1: stderr all=off uptime,level,tags

Environment Variables:
JAVA_HOME=C:\Program Files\Amazon Corretto\jdk17.0.10_7
PATH=C:\Program Files (x86)\VMware\VMware Workstation\bin\;C:\Program Files\Amazon Corretto\jdk17.0.10_7\bin;C:\Windows\system32;C:\Windows;C:\Windows\System32\Wbem;C:\Windows\System32\WindowsPowerShell\v1.0\;C:\Windows\System32\OpenSSH\;C:\Program Files\Git\cmd;C:\Program Files\dotnet\;C:\Program Files\Docker\Docker\resources\bin;C:\Program Files\nodejs\;C:\Users\david\AppData\Local\Programs\Python\Launcher\;C:\Users\david\.cargo\bin;C:\Users\david\AppData\Local\Microsoft\WindowsApps;;C:\Users\david\AppData\Local\Programs\Microsoft VS Code\bin;C:\Users\david\AppData\Roaming\npm
USERNAME=david
OS=Windows_NT
PROCESSOR_IDENTIFIER=Intel64 Family 6 Model 154 Stepping 4, GenuineIntel
TMP=C:\Users\david\AppData\Local\Temp
TEMP=C:\Users\david\AppData\Local\Temp



Periodic native trim disabled


---------------  S Y S T E M  ---------------

OS:
 Windows 11 , 64 bit Build 22621 (10.0.22621.4391)
OS uptime: 0 days 1:33 hours
Hyper-V role detected

CPU: total 12 (initial active 12) (6 cores per cpu, 2 threads per core) family 6 model 154 stepping 4 microcode 0x424, cx8, cmov, fxsr, ht, mmx, 3dnowpref, sse, sse2, sse3, ssse3, sse4.1, sse4.2, popcnt, lzcnt, tsc, tscinvbit, avx, avx2, aes, erms, clmul, bmi1, bmi2, adx, sha, fma, vzeroupper, clflush, clflushopt, clwb, hv
Processor Information for all 12 processors :
  Max Mhz: 1300, Current Mhz: 1300, Mhz Limit: 1300

Memory: 4k page, system-wide physical 16077M (683M free)
TotalPageFile size 28266M (AvailPageFile size 5M)
current process WorkingSet (physical memory assigned to process): 268M, peak: 268M
current process commit charge ("private bytes"): 438M, peak: 439M

vm_info: OpenJDK 64-Bit Server VM (17.0.10+7-LTS) for windows-amd64 JRE (17.0.10+7-LTS), built on Jan 10 2024 22:11:07 by "Administrator" with MS VC++ 16.10 / 16.11 (VS2019)

END.
